Archive member included to satisfy reference by file (symbol)

/Applications/ArmGNUToolchain/13.2.Rel1/arm-none-eabi/bin/../lib/gcc/arm-none-eabi/13.2.1/../../../../arm-none-eabi/lib/thumb/v7-m/nofp/libc_nano.a(libc_a-exit.o)
                              /Applications/ArmGNUToolchain/13.2.Rel1/arm-none-eabi/bin/../lib/gcc/arm-none-eabi/13.2.1/../../../../arm-none-eabi/lib/thumb/v7-m/nofp/crt0.o (exit)
/Applications/ArmGNUToolchain/13.2.Rel1/arm-none-eabi/bin/../lib/gcc/arm-none-eabi/13.2.1/../../../../arm-none-eabi/lib/thumb/v7-m/nofp/libc_nano.a(libc_a-findfp.o)
                              /Applications/ArmGNUToolchain/13.2.Rel1/arm-none-eabi/bin/../lib/gcc/arm-none-eabi/13.2.1/../../../../arm-none-eabi/lib/thumb/v7-m/nofp/libc_nano.a(libc_a-exit.o) (__stdio_exit_handler)
/Applications/ArmGNUToolchain/13.2.Rel1/arm-none-eabi/bin/../lib/gcc/arm-none-eabi/13.2.1/../../../../arm-none-eabi/lib/thumb/v7-m/nofp/libc_nano.a(libc_a-fwalk.o)
                              /Applications/ArmGNUToolchain/13.2.Rel1/arm-none-eabi/bin/../lib/gcc/arm-none-eabi/13.2.1/../../../../arm-none-eabi/lib/thumb/v7-m/nofp/libc_nano.a(libc_a-findfp.o) (_fwalk_sglue)
/Applications/ArmGNUToolchain/13.2.Rel1/arm-none-eabi/bin/../lib/gcc/arm-none-eabi/13.2.1/../../../../arm-none-eabi/lib/thumb/v7-m/nofp/libc_nano.a(libc_a-memcmp.o)
                              build/debug/Core/Src/command.o (memcmp)
/Applications/ArmGNUToolchain/13.2.Rel1/arm-none-eabi/bin/../lib/gcc/arm-none-eabi/13.2.1/../../../../arm-none-eabi/lib/thumb/v7-m/nofp/libc_nano.a(libc_a-memset.o)
                              /Applications/ArmGNUToolchain/13.2.Rel1/arm-none-eabi/bin/../lib/gcc/arm-none-eabi/13.2.1/../../../../arm-none-eabi/lib/thumb/v7-m/nofp/crt0.o (memset)
/Applications/ArmGNUToolchain/13.2.Rel1/arm-none-eabi/bin/../lib/gcc/arm-none-eabi/13.2.1/../../../../arm-none-eabi/lib/thumb/v7-m/nofp/libc_nano.a(libc_a-impure.o)
                              /Applications/ArmGNUToolchain/13.2.Rel1/arm-none-eabi/bin/../lib/gcc/arm-none-eabi/13.2.1/../../../../arm-none-eabi/lib/thumb/v7-m/nofp/libc_nano.a(libc_a-findfp.o) (_impure_data)
/Applications/ArmGNUToolchain/13.2.Rel1/arm-none-eabi/bin/../lib/gcc/arm-none-eabi/13.2.1/../../../../arm-none-eabi/lib/thumb/v7-m/nofp/libc_nano.a(libc_a-init.o)
                              /Applications/ArmGNUToolchain/13.2.Rel1/arm-none-eabi/bin/../lib/gcc/arm-none-eabi/13.2.1/../../../../arm-none-eabi/lib/thumb/v7-m/nofp/crt0.o (__libc_init_array)
/Applications/ArmGNUToolchain/13.2.Rel1/arm-none-eabi/bin/../lib/gcc/arm-none-eabi/13.2.1/../../../../arm-none-eabi/lib/thumb/v7-m/nofp/libc_nano.a(libc_a-lock.o)
                              /Applications/ArmGNUToolchain/13.2.Rel1/arm-none-eabi/bin/../lib/gcc/arm-none-eabi/13.2.1/../../../../arm-none-eabi/lib/thumb/v7-m/nofp/libc_nano.a(libc_a-findfp.o) (__retarget_lock_init_recursive)
/Applications/ArmGNUToolchain/13.2.Rel1/arm-none-eabi/bin/../lib/gcc/arm-none-eabi/13.2.1/../../../../arm-none-eabi/lib/thumb/v7-m/nofp/libc_nano.a(libc_a-memcpy-stub.o)
                              build/debug/Core/Src/shell.o (memcpy)
/Applications/ArmGNUToolchain/13.2.Rel1/arm-none-eabi/bin/../lib/gcc/arm-none-eabi/13.2.1/../../../../arm-none-eabi/lib/thumb/v7-m/nofp/libc_nano.a(libc_a-strlen.o)
                              build/debug/Core/Src/command.o (strlen)
/Applications/ArmGNUToolchain/13.2.Rel1/arm-none-eabi/bin/../lib/gcc/arm-none-eabi/13.2.1/../../../../arm-none-eabi/lib/thumb/v7-m/nofp/libc_nano.a(libc_a-mallocr.o)
                              /Applications/ArmGNUToolchain/13.2.Rel1/arm-none-eabi/bin/../lib/gcc/arm-none-eabi/13.2.1/../../../../arm-none-eabi/lib/thumb/v7-m/nofp/libc_nano.a(libc_a-findfp.o) (_malloc_r)
/Applications/ArmGNUToolchain/13.2.Rel1/arm-none-eabi/bin/../lib/gcc/arm-none-eabi/13.2.1/../../../../arm-none-eabi/lib/thumb/v7-m/nofp/libc_nano.a(libc_a-fflush.o)
                              /Applications/ArmGNUToolchain/13.2.Rel1/arm-none-eabi/bin/../lib/gcc/arm-none-eabi/13.2.1/../../../../arm-none-eabi/lib/thumb/v7-m/nofp/libc_nano.a(libc_a-findfp.o) (_fflush_r)
/Applications/ArmGNUToolchain/13.2.Rel1/arm-none-eabi/bin/../lib/gcc/arm-none-eabi/13.2.1/../../../../arm-none-eabi/lib/thumb/v7-m/nofp/libc_nano.a(libc_a-mlock.o)
                              /Applications/ArmGNUToolchain/13.2.Rel1/arm-none-eabi/bin/../lib/gcc/arm-none-eabi/13.2.1/../../../../arm-none-eabi/lib/thumb/v7-m/nofp/libc_nano.a(libc_a-mallocr.o) (__malloc_lock)
/Applications/ArmGNUToolchain/13.2.Rel1/arm-none-eabi/bin/../lib/gcc/arm-none-eabi/13.2.1/../../../../arm-none-eabi/lib/thumb/v7-m/nofp/libc_nano.a(libc_a-stdio.o)
                              /Applications/ArmGNUToolchain/13.2.Rel1/arm-none-eabi/bin/../lib/gcc/arm-none-eabi/13.2.1/../../../../arm-none-eabi/lib/thumb/v7-m/nofp/libc_nano.a(libc_a-findfp.o) (__sread)
/Applications/ArmGNUToolchain/13.2.Rel1/arm-none-eabi/bin/../lib/gcc/arm-none-eabi/13.2.1/../../../../arm-none-eabi/lib/thumb/v7-m/nofp/libc_nano.a(libc_a-closer.o)
[...]
Memory Configuration

Name             Origin             Length             Attributes
RAM              0x20000000         0x00005000         xrw
FLASH            0x08000000         0x00002800         xr
*default*        0x00000000         0xffffffff

Linker script and memory map

LOAD /Applications/ArmGNUToolchain/13.2.Rel1/arm-none-eabi/bin/../lib/gcc/arm-none-eabi/13.2.1/thumb/v7-m/nofp/crti.o
LOAD /Applications/ArmGNUToolchain/13.2.Rel1/arm-none-eabi/bin/../lib/gcc/arm-none-eabi/13.2.1/thumb/v7-m/nofp/crtbegin.o
LOAD /Applications/ArmGNUToolchain/13.2.Rel1/arm-none-eabi/bin/../lib/gcc/arm-none-eabi/13.2.1/../../../../arm-none-eabi/lib/thumb/v7-m/nofp/crt0.o
LOAD build/debug/Core/Src/Interrupt.o
LOAD build/debug/Core/Src/command.o
LOAD build/debug/Core/Src/crc.o
LOAD build/debug/Core/Src/gpio.o
LOAD build/debug/Core/Src/main.o
LOAD build/debug/Core/Src/rcc.o
LOAD build/debug/Core/Src/shell.o
LOAD build/debug/Core/Src/uart_printf.o
LOAD build/debug/Core/Src/uds.o
LOAD build/debug/startup_stm32f103xb.o
LOAD /Applications/ArmGNUToolchain/13.2.Rel1/arm-none-eabi/bin/../lib/gcc/arm-none-eabi/13.2.1/../../../../arm-none-eabi/lib/thumb/v7-m/nofp/libc_nano.a
LOAD /Applications/ArmGNUToolchain/13.2.Rel1/arm-none-eabi/bin/../lib/gcc/arm-none-eabi/13.2.1/../../../../arm-none-eabi/lib/thumb/v7-m/nofp/libm.a
LOAD /Applications/ArmGNUToolchain/13.2.Rel1/arm-none-eabi/bin/../lib/gcc/arm-none-eabi/13.2.1/../../../../arm-none-eabi/lib/thumb/v7-m/nofp/libnosys.a
START GROUP
LOAD /Applications/ArmGNUToolchain/13.2.Rel1/arm-none-eabi/bin/../lib/gcc/arm-none-eabi/13.2.1/thumb/v7-m/nofp/libgcc.a
LOAD /Applications/ArmGNUToolchain/13.2.Rel1/arm-none-eabi/bin/../lib/gcc/arm-none-eabi/13.2.1/../../../../arm-none-eabi/lib/thumb/v7-m/nofp/libc_nano.a
END GROUP
START GROUP
LOAD /Applications/ArmGNUToolchain/13.2.Rel1/arm-none-eabi/bin/../lib/gcc/arm-none-eabi/13.2.1/thumb/v7-m/nofp/libgcc.a
LOAD /Applications/ArmGNUToolchain/13.2.Rel1/arm-none-eabi/bin/../lib/gcc/arm-none-eabi/13.2.1/../../../../arm-none-eabi/lib/thumb/v7-m/nofp/libc_nano.a
END GROUP
LOAD /Applications/ArmGNUToolchain/13.2.Rel1/arm-none-eabi/bin/../lib/gcc/arm-none-eabi/13.2.1/thumb/v7-m/nofp/crtend.o
LOAD /Applications/ArmGNUToolchain/13.2.Rel1/arm-none-eabi/bin/../lib/gcc/arm-none-eabi/13.2.1/thumb/v7-m/nofp/crtn.o
                0x20005000                        _estack = (ORIGIN (RAM) + LENGTH (RAM))
                0x00000200                        _Min_Heap_Size = 0x200
                0x00000400                        _Min_Stack_Size = 0x400

.isr_vector     0x08000000      0x10c
                0x08000000                        . = ALIGN (0x4)
 *(.isr_vector)
 .isr_vector    0x08000000      0x10c build/debug/startup_stm32f103xb.o
                0x08000000                g_pfnVectors
                0x0800010c                        . = ALIGN (0x4)

.text           0x0800010c     0x2058
                0x0800010c                        . = ALIGN (0x4)
 *(.text)
 .text          0x0800010c       0x10 /Applications/ArmGNUToolchain/13.2.Rel1/arm-none-eabi/bin/../lib/gcc/arm-none-eabi/13.2.1/../../../../arm-none-eabi/lib/thumb/v7-m/nofp/libc_nano.a(libc_a-strlen.o)
                0x0800010c                strlen
 *(.text*)
 .text.deregister_tm_clones
                0x0800011c       0x1c /Applications/ArmGNUToolchain/13.2.Rel1/arm-none-eabi/bin/../lib/gcc/arm-none-eabi/13.2.1/thumb/v7-m/nofp/crtbegin.o
 .text.register_tm_clones
                0x08000138       0x24 /Applications/ArmGNUToolchain/13.2.Rel1/arm-none-eabi/bin/../lib/gcc/arm-none-eabi/13.2.1/thumb/v7-m/nofp/crtbegin.o
 .text.__do_global_dtors_aux
                0x0800015c       0x28 /Applications/ArmGNUToolchain/13.2.Rel1/arm-none-eabi/bin/../lib/gcc/arm-none-eabi/13.2.1/thumb/v7-m/nofp/crtbegin.o
 .text.frame_dummy
                0x08000184       0x24 /Applications/ArmGNUToolchain/13.2.Rel1/arm-none-eabi/bin/../lib/gcc/arm-none-eabi/13.2.1/thumb/v7-m/nofp/crtbegin.o
 .text.usart1PrioritySetAndEnable
                0x080001a8       0x18 build/debug/Core/Src/Interrupt.o
                0x080001a8                usart1PrioritySetAndEnable
 .text.usart2PrioritySetAndEnable
                0x080001c0       0x18 build/debug/Core/Src/Interrupt.o
                0x080001c0                usart2PrioritySetAndEnable
 .text.USART2_IRQHandler
                0x080001d8       0xb8 build/debug/Core/Src/Interrupt.o
                0x080001d8                USART2_IRQHandler
 .text.USART1_IRQHandler
                0x08000290       0x40 build/debug/Core/Src/Interrupt.o
                0x08000290                USART1_IRQHandler
 .text.change_space_to_end
                0x080002d0       0x1c build/debug/Core/Src/command.o
 .text.flash_write_half_world
                0x080002ec       0x28 build/debug/Core/Src/command.o
 .text.log_set_cancel
                0x08000314       0x14 build/debug/Core/Src/command.o
 .text.memory_read_write
                0x08000328       0x14 build/debug/Core/Src/command.o
 .text.help     0x0800033c       0xa8 build/debug/Core/Src/command.o
 .text.memory_flash_read
                0x080003e4       0xbc build/debug/Core/Src/command.o
 .text.log_cancel_commend
                0x080004a0       0x24 build/debug/Core/Src/command.o
 .text.log_set_commend
                0x080004c4       0x24 build/debug/Core/Src/command.o
 .text.uds_port
                0x080004e8       0x30 build/debug/Core/Src/command.o
 .text.exec_command
                0x08000518      0x124 build/debug/Core/Src/command.o
                0x08000518                exec_command
 .text.flash_write
                0x0800063c       0x60 build/debug/Core/Src/command.o
                0x0800063c                flash_write
 .text.flash_lock
                0x0800069c       0x38 build/debug/Core/Src/command.o
                0x0800069c                flash_lock
 .text.flash_erase
                0x080006d4       0x74 build/debug/Core/Src/command.o
                0x080006d4                flash_erase
 .text.check_flash_address
                0x08000748       0x1c build/debug/Core/Src/command.o
                0x08000748                check_flash_address
 .text.memory_flash_write
                0x08000764       0xdc build/debug/Core/Src/command.o
 .text.crc_init
                0x08000840       0x14 build/debug/Core/Src/crc.o
                0x08000840                crc_init
 .text.crc_calculate
                0x08000854       0x24 build/debug/Core/Src/crc.o
                0x08000854                crc_calculate
 .text.crc_reset
                0x08000878       0x14 build/debug/Core/Src/crc.o
                0x08000878                crc_reset
 .text.main     0x0800088c       0x80 build/debug/Core/Src/main.o
                0x0800088c                main
 .text.jump_to_app
                0x0800090c       0x4c build/debug/Core/Src/main.o
                0x0800090c                jump_to_app
 .text.init_HSE_SYSCLK_72MHZ
                0x08000958      0x110 build/debug/Core/Src/rcc.o
                0x08000958                init_HSE_SYSCLK_72MHZ
 .text.init_AHB_APB1_APB2
                0x08000a68       0x2c build/debug/Core/Src/rcc.o
                0x08000a68                init_AHB_APB1_APB2
 .text.shell_handle_history
                0x08000a94       0x68 build/debug/Core/Src/shell.o
 .text.shell_put_history
                0x08000afc       0xb8 build/debug/Core/Src/shell.o
 .text.shell_init
                0x08000bb4       0x58 build/debug/Core/Src/shell.o
                0x08000bb4                shell_init
 .text.shell_enter
                0x08000c0c      0x330 build/debug/Core/Src/shell.o
                0x08000c0c                shell_enter
 .text.uart_printf_init
                0x08000f3c       0x48 build/debug/Core/Src/uart_printf.o
 .text.uart_hardware_init
                0x08000f84       0xec build/debug/Core/Src/uart_printf.o
 .text.HEX_TO_STR
                0x08001070       0x2a build/debug/Core/Src/uart_printf.o
 .text.uart_fifo_put
                0x0800109a       0xb2 build/debug/Core/Src/uart_printf.o
 .text.uart_fifo_get
                0x0800114c       0xa0 build/debug/Core/Src/uart_printf.o
 .text.uart_printf
                0x080011ec       0xb8 build/debug/Core/Src/uart_printf.o
                0x080011ec                uart_printf
 .text.uart_get
                0x080012a4       0x1c build/debug/Core/Src/uart_printf.o
                0x080012a4                uart_get
 .text.uart_out_IT
                0x080012c0       0x50 build/debug/Core/Src/uart_printf.o
                0x080012c0                uart_out_IT
 .text.uart2_out_IT
                0x08001310       0x50 build/debug/Core/Src/uart_printf.o
                0x08001310                uart2_out_IT
 .text.uart_in_IT
                0x08001360       0x20 build/debug/Core/Src/uart_printf.o
                0x08001360                uart_in_IT
 .text.uart2_in_IT
                0x08001380       0x20 build/debug/Core/Src/uart_printf.o
                0x08001380                uart2_in_IT
 .text.STR_TO_HEX
                0x080013a0       0x74 build/debug/Core/Src/uart_printf.o
                0x080013a0                STR_TO_HEX
 .text.set_log_level
                0x08001414       0x18 build/debug/Core/Src/uart_printf.o
                0x08001414                set_log_level
 .text.set_frame_count
                0x0800142c        0xc build/debug/Core/Src/uart_printf.o
                0x0800142c                set_frame_count
 .text.get_frame_count
                0x08001438        0xc build/debug/Core/Src/uart_printf.o
                0x08001438                get_frame_count
 .text.cancel_log_level
                0x08001444       0x18 build/debug/Core/Src/uart_printf.o
                0x08001444                cancel_log_level
 .text.uart2_hardware_init
                0x0800145c       0xec build/debug/Core/Src/uart_printf.o
                0x0800145c                uart2_hardware_init
 .text.uart2_init
                0x08001548       0x1c build/debug/Core/Src/uart_printf.o
                0x08001548                uart2_init
 .text.convert_uint32_t_to_uint8_t
                0x08001564       0x44 build/debug/Core/Src/uart_printf.o
                0x08001564                convert_uint32_t_to_uint8_t
 .text.convert_uint8_t_to_uint32_t
                0x080015a8       0x48 build/debug/Core/Src/uart_printf.o
                0x080015a8                convert_uint8_t_to_uint32_t
 .text.uart2_communicate_tx
                0x080015f0      0x168 build/debug/Core/Src/uart_printf.o
                0x080015f0                uart2_communicate_tx
 .text.uart2_communicate_rx
                0x08001758       0xb0 build/debug/Core/Src/uart_printf.o
                0x08001758                uart2_communicate_rx
 .text.service0x31Trigger
                0x08001808       0x90 build/debug/Core/Src/uds.o
 .text.can_service_response
                0x08001898      0x128 build/debug/Core/Src/uds.o
                0x08001898                can_service_response
 .text.uds_response
                0x080019c0       0xdc build/debug/Core/Src/uds.o
                0x080019c0                uds_response
 .text.service0x37Trigger
                0x08001a9c       0x58 build/debug/Core/Src/uds.o
 .text.service0x36Trigger
                0x08001af4       0x90 build/debug/Core/Src/uds.o
 .text.service0x34Trigger
                0x08001b84       0xf0 build/debug/Core/Src/uds.o
 .text.service0x31SubFunctionDownFinishCRCValidate
                0x08001c74       0x72 build/debug/Core/Src/uds.o
 *fill*         0x08001ce6        0x2 
 .text.service0x31SubFunctionUpdateProgram
                0x08001ce8       0x5c build/debug/Core/Src/uds.o
 .text.service0x31SubFunctionEraseResult
                0x08001d44       0xb8 build/debug/Core/Src/uds.o
 .text.service0x31SubFunctionStartErase
                0x08001dfc       0x4c build/debug/Core/Src/uds.o
 .text.service0x31SubFunctionCRCValidate
                0x08001e48       0xa0 build/debug/Core/Src/uds.o
 .text.uds_entry
                0x08001ee8       0xb4 build/debug/Core/Src/uds.o
                0x08001ee8                uds_entry
 .text.can_service_entry
                0x08001f9c       0xd4 build/debug/Core/Src/uds.o
                0x08001f9c                can_service_entry
 .text.Reset_Handler
                0x08002070       0x44 build/debug/startup_stm32f103xb.o
                0x08002070                Reset_Handler
 .text.Default_Handler
                0x080020b4        0x2 build/debug/startup_stm32f103xb.o
                0x080020b4                USBWakeUp_IRQHandler
                0x080020b4                EXTI2_IRQHandler
                0x080020b4                DebugMon_Handler
                0x080020b4                TIM1_CC_IRQHandler
                0x080020b4                HardFault_Handler
                0x080020b4                SysTick_Handler
                0x080020b4                PVD_IRQHandler
                0x080020b4                PendSV_Handler
                0x080020b4                NMI_Handler
                0x080020b4                EXTI3_IRQHandler
                0x080020b4                EXTI0_IRQHandler
                0x080020b4                I2C2_EV_IRQHandler
                0x080020b4                UsageFault_Handler
                0x080020b4                ADC1_2_IRQHandler
                0x080020b4                SPI1_IRQHandler
                0x080020b4                TAMPER_IRQHandler
                0x080020b4                DMA1_Channel4_IRQHandler
                0x080020b4                USART3_IRQHandler
                0x080020b4                RTC_IRQHandler
                0x080020b4                DMA1_Channel7_IRQHandler
                0x080020b4                CAN1_RX1_IRQHandler
                0x080020b4                TIM4_IRQHandler
                0x080020b4                I2C1_EV_IRQHandler
                0x080020b4                DMA1_Channel6_IRQHandler
                0x080020b4                TIM3_IRQHandler
                0x080020b4                RCC_IRQHandler
                0x080020b4                TIM1_TRG_COM_IRQHandler
                0x080020b4                DMA1_Channel1_IRQHandler
                0x080020b4                Default_Handler
                0x080020b4                EXTI15_10_IRQHandler
                0x080020b4                EXTI9_5_IRQHandler
                0x080020b4                SPI2_IRQHandler
                0x080020b4                MemManage_Handler
                0x080020b4                SVC_Handler
                0x080020b4                DMA1_Channel5_IRQHandler
                0x080020b4                EXTI4_IRQHandler
                0x080020b4                USB_LP_CAN1_RX0_IRQHandler
                0x080020b4                USB_HP_CAN1_TX_IRQHandler
                0x080020b4                DMA1_Channel3_IRQHandler
                0x080020b4                TIM1_UP_IRQHandler
                0x080020b4                WWDG_IRQHandler
                0x080020b4                TIM2_IRQHandler
                0x080020b4                TIM1_BRK_IRQHandler
                0x080020b4                EXTI1_IRQHandler
                0x080020b4                I2C2_ER_IRQHandler
                0x080020b4                DMA1_Channel2_IRQHandler
                0x080020b4                CAN1_SCE_IRQHandler
                0x080020b4                FLASH_IRQHandler
                0x080020b4                BusFault_Handler
                0x080020b4                I2C1_ER_IRQHandler
                0x080020b4                RTC_Alarm_IRQHandler
 .text.memcmp   0x080020b6       0x20 /Applications/ArmGNUToolchain/13.2.Rel1/arm-none-eabi/bin/../lib/gcc/arm-none-eabi/13.2.1/../../../../arm-none-eabi/lib/thumb/v7-m/nofp/libc_nano.a(libc_a-memcmp.o)
                0x080020b6                memcmp
 .text.memset   0x080020d6       0x10 /Applications/ArmGNUToolchain/13.2.Rel1/arm-none-eabi/bin/../lib/gcc/arm-none-eabi/13.2.1/../../../../arm-none-eabi/lib/thumb/v7-m/nofp/libc_nano.a(libc_a-memset.o)
                0x080020d6                memset
 *fill*         0x080020e6        0x2 
 .text.__libc_init_array
                0x080020e8       0x48 /Applications/ArmGNUToolchain/13.2.Rel1/arm-none-eabi/bin/../lib/gcc/arm-none-eabi/13.2.1/../../../../arm-none-eabi/lib/thumb/v7-m/nofp/libc_nano.a(libc_a-init.o)
                0x080020e8                __libc_init_array
 .text.memcpy   0x08002130       0x1c /Applications/ArmGNUToolchain/13.2.Rel1/arm-none-eabi/bin/../lib/gcc/arm-none-eabi/13.2.1/../../../../arm-none-eabi/lib/thumb/v7-m/nofp/libc_nano.a(libc_a-memcpy-stub.o)
                0x08002130                memcpy
 *(.glue_7)
 .glue_7        0x0800214c        0x0 linker stubs
 *(.glue_7t)
 .glue_7t       0x0800214c        0x0 linker stubs
 *(.eh_frame)
 .eh_frame      0x0800214c        0x0 /Applications/ArmGNUToolchain/13.2.Rel1/arm-none-eabi/bin/../lib/gcc/arm-none-eabi/13.2.1/thumb/v7-m/nofp/crtbegin.o
 *(.init)
 .init          0x0800214c        0x4 /Applications/ArmGNUToolchain/13.2.Rel1/arm-none-eabi/bin/../lib/gcc/arm-none-eabi/13.2.1/thumb/v7-m/nofp/crti.o
                0x0800214c                _init
 .init          0x08002150        0x8 /Applications/ArmGNUToolchain/13.2.Rel1/arm-none-eabi/bin/../lib/gcc/arm-none-eabi/13.2.1/thumb/v7-m/nofp/crtn.o
 *(.fini)
 .fini          0x08002158        0x4 /Applications/ArmGNUToolchain/13.2.Rel1/arm-none-eabi/bin/../lib/gcc/arm-none-eabi/13.2.1/thumb/v7-m/nofp/crti.o
                0x08002158                _fini
 .fini          0x0800215c        0x8 /Applications/ArmGNUToolchain/13.2.Rel1/arm-none-eabi/bin/../lib/gcc/arm-none-eabi/13.2.1/thumb/v7-m/nofp/crtn.o
                0x08002164                        . = ALIGN (0x4)
                0x08002164                        _etext = .

.vfp11_veneer   0x08002164        0x0
 .vfp11_veneer  0x08002164        0x0 linker stubs

.v4_bx          0x08002164        0x0
 .v4_bx         0x08002164        0x0 linker stubs

.iplt           0x08002164        0x0
 .iplt          0x08002164        0x0 /Applications/ArmGNUToolchain/13.2.Rel1/arm-none-eabi/bin/../lib/gcc/arm-none-eabi/13.2.1/thumb/v7-m/nofp/crtbegin.o

.rodata         0x08002164      0x4dc
                0x08002164                        . = ALIGN (0x4)
 *(.rodata)
 *(.rodata*)
 .rodata.log_set_cancel.str1.4
                0x08002164      0x463 build/debug/Core/Src/command.o
                                 0x2b (size before relaxing)
 .rodata.memory_read_write.str1.4
                0x080025c7       0x3f build/debug/Core/Src/command.o
 .rodata.help.str1.4
                0x080025c7       0x37 build/debug/Core/Src/command.o
 .rodata.memory_flash_read.str1.4
                0x080025c7       0x5c build/debug/Core/Src/command.o
 .rodata.exec_command.str1.4
                0x080025c7       0x14 build/debug/Core/Src/command.o
 .rodata.flash_erase.str1.4
                0x080025c7       0x1b build/debug/Core/Src/command.o
 .rodata.memory_flash_write.str1.4
                0x080025c7       0x4c build/debug/Core/Src/command.o
 *fill*         0x080025c7        0x1 
 .rodata.shell_functions
                0x080025c8       0x18 build/debug/Core/Src/command.o
 .rodata.str1.4
                0x080025e0       0x3d build/debug/Core/Src/command.o
 .rodata.main.str1.4
                0x080025e0       0x3f build/debug/Core/Src/main.o
 .rodata.jump_to_app.str1.4
                0x080025e0       0x10 build/debug/Core/Src/main.o
 .rodata.shell_handle_history.str1.4
                0x080025e0        0x8 build/debug/Core/Src/shell.o
 .rodata.shell_init.str1.4
                0x080025e0        0xe build/debug/Core/Src/shell.o
 .rodata.shell_enter.str1.4
                0x080025e0        0x8 build/debug/Core/Src/shell.o
 .rodata.uart_printf.str1.4
                0x080025e0        0x3 build/debug/Core/Src/uart_printf.o
 .rodata.uart2_communicate_tx.str1.4
                0x080025e0       0x1c build/debug/Core/Src/uart_printf.o
 .rodata.uart2_communicate_rx.str1.4
                0x080025e0       0x49 build/debug/Core/Src/uart_printf.o
 .rodata.service0x31Trigger.str1.4
                0x080025e0       0x75 build/debug/Core/Src/uds.o
 .rodata.can_service_response.str1.4
                0x080025e0       0x22 build/debug/Core/Src/uds.o
 .rodata.uds_response.str1.4
                0x080025e0        0xb build/debug/Core/Src/uds.o
 .rodata.service0x37Trigger.str1.4
                0x080025e0        0x9 build/debug/Core/Src/uds.o
 .rodata.service0x36Trigger.str1.4
                0x080025e0        0x9 build/debug/Core/Src/uds.o
 .rodata.service0x34Trigger.str1.4
                0x080025e0       0x3c build/debug/Core/Src/uds.o
 .rodata.service0x31SubFunctionUpdateProgram.str1.4
                0x080025e0       0x19 build/debug/Core/Src/uds.o
 .rodata.service0x31SubFunctionEraseResult.str1.4
                0x080025e0       0x29 build/debug/Core/Src/uds.o
 .rodata.service0x31SubFunctionStartErase.str1.4
                0x080025e0       0x10 build/debug/Core/Src/uds.o
 .rodata.service0x31SubFunctionCRCValidate.str1.4
                0x080025e0       0x15 build/debug/Core/Src/uds.o
 .rodata.uds_entry.str1.4
                0x080025e0       0x67 build/debug/Core/Src/uds.o
 .rodata.dcmControlDids
                0x080025e0       0x60 build/debug/Core/Src/uds.o
                0x08002658                        . = ALIGN (0x4)

.ARM.extab
 *(.ARM.extab* .gnu.linkonce.armextab.*)

.ARM            0x08002640        0x8
                0x08002640                        __exidx_start = .
 *(.ARM.exidx*)
 .ARM.exidx     0x08002640        0x8 /Applications/ArmGNUToolchain/13.2.Rel1/arm-none-eabi/bin/../lib/gcc/arm-none-eabi/13.2.1/../../../../arm-none-eabi/lib/thumb/v7-m/nofp/libc_nano.a(libc_a-strlen.o)
                0x08002648                        __exidx_end = .

.rel.dyn        0x08002648        0x0
 .rel.iplt      0x08002648        0x0 /Applications/ArmGNUToolchain/13.2.Rel1/arm-none-eabi/bin/../lib/gcc/arm-none-eabi/13.2.1/thumb/v7-m/nofp/crtbegin.o

.preinit_array  0x08002648        0x0
                0x08002648                        PROVIDE (__preinit_array_start = .)
 *(.preinit_array*)
                0x08002648                        PROVIDE (__preinit_array_end = .)

.init_array     0x08002648        0x4
                0x08002648                        PROVIDE (__init_array_start = .)
 *(SORT_BY_NAME(.init_array.*))
 *(.init_array*)
 .init_array    0x08002648        0x4 /Applications/ArmGNUToolchain/13.2.Rel1/arm-none-eabi/bin/../lib/gcc/arm-none-eabi/13.2.1/thumb/v7-m/nofp/crtbegin.o
                0x0800264c                        PROVIDE (__init_array_end = .)

.fini_array     0x0800264c        0x4
                [!provide]                        PROVIDE (__fini_array_start = .)
 *(SORT_BY_NAME(.fini_array.*))
 *(.fini_array*)
 .fini_array    0x0800264c        0x4 /Applications/ArmGNUToolchain/13.2.Rel1/arm-none-eabi/bin/../lib/gcc/arm-none-eabi/13.2.1/thumb/v7-m/nofp/crtbegin.o
                [!provide]                        PROVIDE (__fini_array_end = .)
                0x08002650                        _sidata = LOADADDR (.data)

.data           0x20000000      0x1ac load address 0x08002650
                0x20000000                        . = ALIGN (0x4)
                0x20000000                        _sdata = .
 *(.data)
 *(.data*)
 .data.__compound_literal.8
                0x20000000       0x15 build/debug/Core/Src/command.o
 *fill*         0x20000015        0x3 
 .data.__compound_literal.7
                0x20000018        0x8 build/debug/Core/Src/command.o
 .data.__compound_literal.6
                0x20000020        0x8 build/debug/Core/Src/command.o
 .data.__compound_literal.5
                0x20000028        0xd build/debug/Core/Src/command.o
 *fill*         0x20000035        0x3 
 .data.__compound_literal.4
                0x20000038       0x15 build/debug/Core/Src/command.o
 *fill*         0x2000004d        0x3 
 .data.__compound_literal.3
                0x20000050        0x8 build/debug/Core/Src/command.o
 .data.__compound_literal.2
                0x20000058        0x8 build/debug/Core/Src/command.o
 .data.__compound_literal.1
                0x20000060        0xd build/debug/Core/Src/command.o
 *fill*         0x2000006d        0x3 
 .data.__compound_literal.0
                0x20000070        0xd build/debug/Core/Src/command.o
 *fill*         0x2000007d        0x3 
 .data.FLASH_BASS
                0x20000080        0x4 build/debug/Core/Src/command.o
                0x20000080                FLASH_BASS
 .data.CRC_CR   0x20000084        0x4 build/debug/Core/Src/crc.o
                0x20000084                CRC_CR
 .data.CRC_DR   0x20000088        0x4 build/debug/Core/Src/crc.o
                0x20000088                CRC_DR
 .data.RCC_AHBENR
                0x2000008c        0x4 build/debug/Core/Src/crc.o
                0x2000008c                RCC_AHBENR
 .data.SystemCoreClock
                0x20000090        0x4 build/debug/Core/Src/main.o
                0x20000090                SystemCoreClock
 .data.MyRCC_BASS
                0x20000094        0x4 build/debug/Core/Src/rcc.o
                0x20000094                MyRCC_BASS
 .data.USART2_BASS
                0x20000098        0x4 build/debug/Core/Src/uart_printf.o
                0x20000098                USART2_BASS
 .data.USART1_BASS
                0x2000009c        0x4 build/debug/Core/Src/uart_printf.o
                0x2000009c                USART1_BASS
 .data.APBPrescTable
                0x200000a0        0x8 build/debug/Core/Src/uart_printf.o
                0x200000a0                APBPrescTable
 .data.dcmServicesTable
                0x200000a8      0x104 build/debug/Core/Src/uds.o
                0x200000a8                dcmServicesTable
                0x200001ac                        . = ALIGN (0x4)
                0x200001ac                        _edata = .

.tm_clone_table
                0x200001ac        0x0 load address 0x080027fc
 .tm_clone_table
                0x200001ac        0x0 /Applications/ArmGNUToolchain/13.2.Rel1/arm-none-eabi/bin/../lib/gcc/arm-none-eabi/13.2.1/thumb/v7-m/nofp/crtbegin.o
 .tm_clone_table
                0x200001ac        0x0 /Applications/ArmGNUToolchain/13.2.Rel1/arm-none-eabi/bin/../lib/gcc/arm-none-eabi/13.2.1/thumb/v7-m/nofp/crtend.o

.igot.plt       0x200001ac        0x0 load address 0x080027fc
 .igot.plt      0x200001ac        0x0 /Applications/ArmGNUToolchain/13.2.Rel1/arm-none-eabi/bin/../lib/gcc/arm-none-eabi/13.2.1/thumb/v7-m/nofp/crtbegin.o
                0x200001ac                        . = ALIGN (0x4)

.bss            0x200001ac     0x1544 load address 0x080027fc
                0x200001ac                        _sbss = .
                0x200001ac                        __bss_start__ = _sbss
 *(.bss)
 *(.bss*)
 .bss.completed.1
                0x200001ac        0x1 /Applications/ArmGNUToolchain/13.2.Rel1/arm-none-eabi/bin/../lib/gcc/arm-none-eabi/13.2.1/thumb/v7-m/nofp/crtbegin.o
 *fill*         0x200001ad        0x3 
 .bss.object.0  0x200001b0       0x18 /Applications/ArmGNUToolchain/13.2.Rel1/arm-none-eabi/bin/../lib/gcc/arm-none-eabi/13.2.1/thumb/v7-m/nofp/crtbegin.o
 .bss.get_frame_head
                0x200001c8        0x1 build/debug/Core/Src/Interrupt.o
                0x200001c8                get_frame_head
 .bss.data_count
                0x200001c9        0x1 build/debug/Core/Src/Interrupt.o
                0x200001c9                data_count
 *fill*         0x200001ca        0x2 
 .bss.shell     0x200001cc      0x1e6 build/debug/Core/Src/shell.o
                0x200001cc                shell
 *fill*         0x200003b2        0x2 
 .bss.log_fifo_handle2
                0x200003b4      0x810 build/debug/Core/Src/uart_printf.o
 .bss.log_fifo_handle
                0x20000bc4      0x810 build/debug/Core/Src/uart_printf.o
 .bss.ota_data  0x200013d4      0x114 build/debug/Core/Src/uds.o
                0x200013d4                ota_data
 .bss.uds_frame
                0x200014e8      0x206 build/debug/Core/Src/uds.o
                0x200014e8                uds_frame
 *(COMMON)
                0x200016f0                        . = ALIGN (0x4)
 *fill*         0x200016ee        0x2 
                0x200016f0                        _ebss = .
                0x200016f0                        __bss_end__ = _ebss

._user_heap_stack
                0x200016f0      0x600 load address 0x080027fc
                0x200016f0                        . = ALIGN (0x8)
                0x200016f0                        PROVIDE (end = .)
                [!provide]                        PROVIDE (_end = .)
                0x200018f0                        . = (. + _Min_Heap_Size)
 *fill*         0x200016f0      0x200 
                0x20001cf0                        . = (. + _Min_Stack_Size)
 *fill*         0x200018f0      0x400 
                0x20001cf0                        . = ALIGN (0x8)

/DISCARD/
 libc.a(*)
 libm.a(*)
 libgcc.a(*)

.ARM.attributes
                0x00000000       0x29
 *(.ARM.attributes)
 .ARM.attributes
                0x00000000       0x1d /Applications/ArmGNUToolchain/13.2.Rel1/arm-none-eabi/bin/../lib/gcc/arm-none-eabi/13.2.1/thumb/v7-m/nofp/crti.o
 .ARM.attributes
                0x0000001d       0x2d /Applications/ArmGNUToolchain/13.2.Rel1/arm-none-eabi/bin/../lib/gcc/arm-none-eabi/13.2.1/thumb/v7-m/nofp/crtbegin.o
 .ARM.attributes
                0x0000004a       0x2d build/debug/Core/Src/Interrupt.o
 .ARM.attributes
                0x00000077       0x2d build/debug/Core/Src/command.o
 .ARM.attributes
                0x000000a4       0x2d build/debug/Core/Src/crc.o
 .ARM.attributes
                0x000000d1       0x2d build/debug/Core/Src/main.o
 .ARM.attributes
                0x000000fe       0x2d build/debug/Core/Src/rcc.o
 .ARM.attributes
                0x0000012b       0x2d build/debug/Core/Src/shell.o
 .ARM.attributes
                0x00000158       0x2d build/debug/Core/Src/uart_printf.o
 .ARM.attributes
                0x00000185       0x2d build/debug/Core/Src/uds.o
 .ARM.attributes
                0x000001b2       0x21 build/debug/startup_stm32f103xb.o
 .ARM.attributes
                0x000001d3       0x2d /Applications/ArmGNUToolchain/13.2.Rel1/arm-none-eabi/bin/../lib/gcc/arm-none-eabi/13.2.1/../../../../arm-none-eabi/lib/thumb/v7-m/nofp/libc_nano.a(libc_a-memcmp.o)
 .ARM.attributes
                0x00000200       0x2d /Applications/ArmGNUToolchain/13.2.Rel1/arm-none-eabi/bin/../lib/gcc/arm-none-eabi/13.2.1/../../../../arm-none-eabi/lib/thumb/v7-m/nofp/libc_nano.a(libc_a-memset.o)
 .ARM.attributes
                0x0000022d       0x2d /Applications/ArmGNUToolchain/13.2.Rel1/arm-none-eabi/bin/../lib/gcc/arm-none-eabi/13.2.1/../../../../arm-none-eabi/lib/thumb/v7-m/nofp/libc_nano.a(libc_a-init.o)
 .ARM.attributes
                0x0000025a       0x2d /Applications/ArmGNUToolchain/13.2.Rel1/arm-none-eabi/bin/../lib/gcc/arm-none-eabi/13.2.1/../../../../arm-none-eabi/lib/thumb/v7-m/nofp/libc_nano.a(libc_a-memcpy-stub.o)
 .ARM.attributes
                0x00000287       0x17 /Applications/ArmGNUToolchain/13.2.Rel1/arm-none-eabi/bin/../lib/gcc/arm-none-eabi/13.2.1/../../../../arm-none-eabi/lib/thumb/v7-m/nofp/libc_nano.a(libc_a-strlen.o)
 .ARM.attributes
                0x0000029e       0x2d /Applications/ArmGNUToolchain/13.2.Rel1/arm-none-eabi/bin/../lib/gcc/arm-none-eabi/13.2.1/thumb/v7-m/nofp/crtend.o
 .ARM.attributes
                0x000002cb       0x1d /Applications/ArmGNUToolchain/13.2.Rel1/arm-none-eabi/bin/../lib/gcc/arm-none-eabi/13.2.1/thumb/v7-m/nofp/crtn.o
OUTPUT(build/bootloader.elf elf32-littlearm)
LOAD linker stubs
LOAD /Applications/ArmGNUToolchain/13.2.Rel1/arm-none-eabi/bin/../lib/gcc/arm-none-eabi/13.2.1/../../../../arm-none-eabi/lib/thumb/v7-m/nofp/libc.a
LOAD /Applications/ArmGNUToolchain/13.2.Rel1/arm-none-eabi/bin/../lib/gcc/arm-none-eabi/13.2.1/../../../../arm-none-eabi/lib/thumb/v7-m/nofp/libm.a
LOAD /Applications/ArmGNUToolchain/13.2.Rel1/arm-none-eabi/bin/../lib/gcc/arm-none-eabi/13.2.1/thumb/v7-m/nofp/libgcc.a

.debug_info     0x00000000     0x479e
 .debug_info    0x00000000      0x2fd build/debug/Core/Src/Interrupt.o
 .debug_info    0x000002fd      0xe1a build/debug/Core/Src/command.o
 .debug_info    0x00001117      0x12f build/debug/Core/Src/crc.o
 .debug_info    0x00001246      0x339 build/debug/Core/Src/main.o
 .debug_info    0x0000157f      0x211 build/debug/Core/Src/rcc.o
 .debug_info    0x00001790      0x9a4 build/debug/Core/Src/shell.o
 .debug_info    0x00002134     0x1254 build/debug/Core/Src/uart_printf.o
 .debug_info    0x00003388     0x13e6 build/debug/Core/Src/uds.o
 .debug_info    0x0000476e       0x30 build/debug/startup_stm32f103xb.o

.debug_abbrev   0x00000000     0x11bf
 .debug_abbrev  0x00000000      0x1b1 build/debug/Core/Src/Interrupt.o
 .debug_abbrev  0x000001b1      0x302 build/debug/Core/Src/command.o
 .debug_abbrev  0x000004b3       0xf5 build/debug/Core/Src/crc.o
 .debug_abbrev  0x000005a8      0x1d1 build/debug/Core/Src/main.o
 .debug_abbrev  0x00000779       0xe8 build/debug/Core/Src/rcc.o
 .debug_abbrev  0x00000861      0x253 build/debug/Core/Src/shell.o
 .debug_abbrev  0x00000ab4      0x3ca build/debug/Core/Src/uart_printf.o
 .debug_abbrev  0x00000e7e      0x31d build/debug/Core/Src/uds.o
 .debug_abbrev  0x0000119b       0x24 build/debug/startup_stm32f103xb.o

.debug_loclists
                0x00000000     0x1960
 .debug_loclists
                0x00000000       0x44 build/debug/Core/Src/Interrupt.o
 .debug_loclists
                0x00000044      0x699 build/debug/Core/Src/command.o
 .debug_loclists
                0x000006dd       0x54 build/debug/Core/Src/crc.o
 .debug_loclists
                0x00000731       0x22 build/debug/Core/Src/main.o
 .debug_loclists
                0x00000753       0xa7 build/debug/Core/Src/rcc.o
 .debug_loclists
                0x000007fa      0x1ed build/debug/Core/Src/shell.o
 .debug_loclists
                0x000009e7      0x97a build/debug/Core/Src/uart_printf.o
 .debug_loclists
                0x00001361      0x5ff build/debug/Core/Src/uds.o

.debug_aranges  0x00000000      0x318
 .debug_aranges
                0x00000000       0x40 build/debug/Core/Src/Interrupt.o
 .debug_aranges
                0x00000040       0x90 build/debug/Core/Src/command.o
 .debug_aranges
                0x000000d0       0x30 build/debug/Core/Src/crc.o
 .debug_aranges
                0x00000100       0x28 build/debug/Core/Src/main.o
 .debug_aranges
                0x00000128       0x28 build/debug/Core/Src/rcc.o
 .debug_aranges
                0x00000150       0x38 build/debug/Core/Src/shell.o
 .debug_aranges
                0x00000188       0xe8 build/debug/Core/Src/uart_printf.o
 .debug_aranges
                0x00000270       0x80 build/debug/Core/Src/uds.o
 .debug_aranges
                0x000002f0       0x28 build/debug/startup_stm32f103xb.o

.debug_rnglists
                0x00000000      0x343
 .debug_rnglists
                0x00000000       0x39 build/debug/Core/Src/Interrupt.o
 .debug_rnglists
                0x00000039       0xd4 build/debug/Core/Src/command.o
 .debug_rnglists
                0x0000010d       0x1f build/debug/Core/Src/crc.o
 .debug_rnglists
                0x0000012c       0x1a build/debug/Core/Src/main.o
 .debug_rnglists
                0x00000146       0x1a build/debug/Core/Src/rcc.o
 .debug_rnglists
                0x00000160       0x5c build/debug/Core/Src/shell.o
 .debug_rnglists
                0x000001bc       0xe0 build/debug/Core/Src/uart_printf.o
 .debug_rnglists
                0x0000029c       0x8e build/debug/Core/Src/uds.o
 .debug_rnglists
                0x0000032a       0x19 build/debug/startup_stm32f103xb.o

.debug_line     0x00000000     0x29c1
 .debug_line    0x00000000      0x21c build/debug/Core/Src/Interrupt.o
 .debug_line    0x0000021c      0x86d build/debug/Core/Src/command.o
 .debug_line    0x00000a89       0xc7 build/debug/Core/Src/crc.o
 .debug_line    0x00000b50      0x12f build/debug/Core/Src/main.o
 .debug_line    0x00000c7f      0x21c build/debug/Core/Src/rcc.o
 .debug_line    0x00000e9b      0x582 build/debug/Core/Src/shell.o
 .debug_line    0x0000141d      0xbea build/debug/Core/Src/uart_printf.o
 .debug_line    0x00002007      0x946 build/debug/Core/Src/uds.o
 .debug_line    0x0000294d       0x74 build/debug/startup_stm32f103xb.o

.debug_str      0x00000000      0xf74
 .debug_str     0x00000000      0xf74 build/debug/Core/Src/Interrupt.o
                                0x27b (size before relaxing)
 .debug_str     0x00000f74      0x454 build/debug/Core/Src/command.o
 .debug_str     0x00000f74      0x178 build/debug/Core/Src/crc.o
 .debug_str     0x00000f74      0x28e build/debug/Core/Src/main.o
 .debug_str     0x00000f74      0x221 build/debug/Core/Src/rcc.o
 .debug_str     0x00000f74      0x2fc build/debug/Core/Src/shell.o
 .debug_str     0x00000f74      0x6a5 build/debug/Core/Src/uart_printf.o
 .debug_str     0x00000f74      0x787 build/debug/Core/Src/uds.o
 .debug_str     0x00000f74       0x65 build/debug/startup_stm32f103xb.o

.comment        0x00000000       0x44
 .comment       0x00000000       0x44 build/debug/Core/Src/Interrupt.o
                                 0x45 (size before relaxing)
 .comment       0x00000044       0x45 build/debug/Core/Src/command.o
 .comment       0x00000044       0x45 build/debug/Core/Src/crc.o
 .comment       0x00000044       0x45 build/debug/Core/Src/main.o
 .comment       0x00000044       0x45 build/debug/Core/Src/rcc.o
 .comment       0x00000044       0x45 build/debug/Core/Src/shell.o
 .comment       0x00000044       0x45 build/debug/Core/Src/uart_printf.o
 .comment       0x00000044       0x45 build/debug/Core/Src/uds.o

.debug_frame    0x00000000      0x87c
 .debug_frame   0x00000000       0x70 build/debug/Core/Src/Interrupt.o
 .debug_frame   0x00000070      0x1b8 build/debug/Core/Src/command.o
 .debug_frame   0x00000228       0x40 build/debug/Core/Src/crc.o
 .debug_frame   0x00000268       0x48 build/debug/Core/Src/main.o
 .debug_frame   0x000002b0       0x30 build/debug/Core/Src/rcc.o
 .debug_frame   0x000002e0       0xa0 build/debug/Core/Src/shell.o
 .debug_frame   0x00000380      0x29c build/debug/Core/Src/uart_printf.o
 .debug_frame   0x0000061c      0x1c4 build/debug/Core/Src/uds.o
 .debug_frame   0x000007e0       0x28 /Applications/ArmGNUToolchain/13.2.Rel1/arm-none-eabi/bin/../lib/gcc/arm-none-eabi/13.2.1/../../../../arm-none-eabi/lib/thumb/v7-m/nofp/libc_nano.a(libc_a-memcmp.o)
 .debug_frame   0x00000808       0x20 /Applications/ArmGNUToolchain/13.2.Rel1/arm-none-eabi/bin/../lib/gcc/arm-none-eabi/13.2.1/../../../../arm-none-eabi/lib/thumb/v7-m/nofp/libc_nano.a(libc_a-memset.o)
 .debug_frame   0x00000828       0x2c /Applications/ArmGNUToolchain/13.2.Rel1/arm-none-eabi/bin/../lib/gcc/arm-none-eabi/13.2.1/../../../../arm-none-eabi/lib/thumb/v7-m/nofp/libc_nano.a(libc_a-init.o)
 .debug_frame   0x00000854       0x28 /Applications/ArmGNUToolchain/13.2.Rel1/arm-none-eabi/bin/../lib/gcc/arm-none-eabi/13.2.1/../../../../arm-none-eabi/lib/thumb/v7-m/nofp/libc_nano.a(libc_a-memcpy-stub.o)

.debug_line_str
                0x00000000      0x139
 .debug_line_str
                0x00000000      0x139 build/debug/startup_stm32f103xb.o
                                 0x49 (size before relaxing)
 .debug_line_str
                0x00000139       0xf0 /Applications/ArmGNUToolchain/13.2.Rel1/arm-none-eabi/bin/../lib/gcc/arm-none-eabi/13.2.1/../../../../arm-none-eabi/lib/thumb/v7-m/nofp/libc_nano.a(libc_a-strlen.o)

Cross Reference Table

Symbol                                            File
ADC1_2_IRQHandler                                 build/debug/startup_stm32f103xb.o
APBPrescTable                                     build/debug/Core/Src/uart_printf.o
BusFault_Handler                                  build/debug/startup_stm32f103xb.o
CAN1_RX1_IRQHandler                               build/debug/startup_stm32f103xb.o
CAN1_SCE_IRQHandler                               build/debug/startup_stm32f103xb.o
CRC_BASE1                                         build/debug/Core/Src/crc.o
CRC_CR                                            build/debug/Core/Src/crc.o
CRC_DR                                            build/debug/Core/Src/crc.o
DMA1_Channel1_IRQHandler                          build/debug/startup_stm32f103xb.o
DMA1_Channel2_IRQHandler                          build/debug/startup_stm32f103xb.o
DMA1_Channel3_IRQHandler                          build/debug/startup_stm32f103xb.o
DMA1_Channel4_IRQHandler                          build/debug/startup_stm32f103xb.o
DMA1_Channel5_IRQHandler                          build/debug/startup_stm32f103xb.o
DMA1_Channel6_IRQHandler                          build/debug/startup_stm32f103xb.o
DMA1_Channel7_IRQHandler                          build/debug/startup_stm32f103xb.o
DebugMon_Handler                                  build/debug/startup_stm32f103xb.o
Default_Handler                                   build/debug/startup_stm32f103xb.o
EXTI0_IRQHandler                                  build/debug/startup_stm32f103xb.o
EXTI15_10_IRQHandler                              build/debug/startup_stm32f103xb.o
EXTI1_IRQHandler                                  build/debug/startup_stm32f103xb.o
EXTI2_IRQHandler                                  build/debug/startup_stm32f103xb.o
EXTI3_IRQHandler                                  build/debug/startup_stm32f103xb.o
EXTI4_IRQHandler                                  build/debug/startup_stm32f103xb.o
EXTI9_5_IRQHandler                                build/debug/startup_stm32f103xb.o
FLASH_BASS                                        build/debug/Core/Src/command.o
                                                  build/debug/Core/Src/rcc.o
FLASH_IRQHandler                                  build/debug/startup_stm32f103xb.o
HardFault_Handler                                 build/debug/startup_stm32f103xb.o
I2C1_ER_IRQHandler                                build/debug/startup_stm32f103xb.o
I2C1_EV_IRQHandler                                build/debug/startup_stm32f103xb.o
I2C2_ER_IRQHandler                                build/debug/startup_stm32f103xb.o
I2C2_EV_IRQHandler                                build/debug/startup_stm32f103xb.o
MemManage_Handler                                 build/debug/startup_stm32f103xb.o
MyRCC_BASS                                        build/debug/Core/Src/rcc.o
                                                  build/debug/Core/Src/uart_printf.o
NMI_Handler                                       build/debug/startup_stm32f103xb.o
PVD_IRQHandler                                    build/debug/startup_stm32f103xb.o
PendSV_Handler                                    build/debug/startup_stm32f103xb.o
RCC_AHBENR                                        build/debug/Core/Src/crc.o
RCC_IRQHandler                                    build/debug/startup_stm32f103xb.o
RTC_Alarm_IRQHandler                              build/debug/startup_stm32f103xb.o
RTC_IRQHandler                                    build/debug/startup_stm32f103xb.o
Reset_Handler                                     build/debug/startup_stm32f103xb.o
SPI1_IRQHandler                                   build/debug/startup_stm32f103xb.o
SPI2_IRQHandler                                   build/debug/startup_stm32f103xb.o
STR_TO_HEX                                        build/debug/Core/Src/uart_printf.o
                                                  build/debug/Core/Src/command.o
SVC_Handler                                       build/debug/startup_stm32f103xb.o
SysTick_Handler                                   build/debug/startup_stm32f103xb.o
SystemCoreClock                                   build/debug/Core/Src/main.o
                                                  build/debug/Core/Src/uart_printf.o
TAMPER_IRQHandler                                 build/debug/startup_stm32f103xb.o
TIM1_BRK_IRQHandler                               build/debug/startup_stm32f103xb.o
TIM1_CC_IRQHandler                                build/debug/startup_stm32f103xb.o
TIM1_TRG_COM_IRQHandler                           build/debug/startup_stm32f103xb.o
TIM1_UP_IRQHandler                                build/debug/startup_stm32f103xb.o
TIM2_IRQHandler                                   build/debug/startup_stm32f103xb.o
TIM3_IRQHandler                                   build/debug/startup_stm32f103xb.o
TIM4_IRQHandler                                   build/debug/startup_stm32f103xb.o
USART1_BASS                                       build/debug/Core/Src/uart_printf.o
                                                  build/debug/Core/Src/Interrupt.o
USART1_IRQHandler                                 build/debug/Core/Src/Interrupt.o
USART2_BASS                                       build/debug/Core/Src/uart_printf.o
                                                  build/debug/Core/Src/Interrupt.o
USART2_IRQHandler                                 build/debug/Core/Src/Interrupt.o
USART3_IRQHandler                                 build/debug/startup_stm32f103xb.o
USBWakeUp_IRQHandler                              build/debug/startup_stm32f103xb.o
USB_HP_CAN1_TX_IRQHandler                         build/debug/startup_stm32f103xb.o
USB_LP_CAN1_RX0_IRQHandler                        build/debug/startup_stm32f103xb.o
UsageFault_Handler                                build/debug/startup_stm32f103xb.o
WWDG_IRQHandler                                   build/debug/startup_stm32f103xb.o
_ITM_deregisterTMCloneTable                       /Applications/ArmGNUToolchain/13.2.Rel1/arm-none-eabi/bin/../lib/gcc/arm-none-eabi/13.2.1/thumb/v7-m/nofp/crtbegin.o
_ITM_registerTMCloneTable                         /Applications/ArmGNUToolchain/13.2.Rel1/arm-none-eabi/bin/../lib/gcc/arm-none-eabi/13.2.1/thumb/v7-m/nofp/crtbegin.o
__TMC_END__                                       /Applications/ArmGNUToolchain/13.2.Rel1/arm-none-eabi/bin/../lib/gcc/arm-none-eabi/13.2.1/thumb/v7-m/nofp/crtend.o
                                                  /Applications/ArmGNUToolchain/13.2.Rel1/arm-none-eabi/bin/../lib/gcc/arm-none-eabi/13.2.1/thumb/v7-m/nofp/crtbegin.o
__bss_end__                                       /Applications/ArmGNUToolchain/13.2.Rel1/arm-none-eabi/bin/../lib/gcc/arm-none-eabi/13.2.1/../../../../arm-none-eabi/lib/thumb/v7-m/nofp/crt0.o
__bss_start__                                     /Applications/ArmGNUToolchain/13.2.Rel1/arm-none-eabi/bin/../lib/gcc/arm-none-eabi/13.2.1/../../../../arm-none-eabi/lib/thumb/v7-m/nofp/crt0.o
__call_exitprocs                                  /Applications/ArmGNUToolchain/13.2.Rel1/arm-none-eabi/bin/../lib/gcc/arm-none-eabi/13.2.1/../../../../arm-none-eabi/lib/thumb/v7-m/nofp/libc_nano.a(libc_a-exit.o)
__deregister_frame_info                           /Applications/ArmGNUToolchain/13.2.Rel1/arm-none-eabi/bin/../lib/gcc/arm-none-eabi/13.2.1/thumb/v7-m/nofp/crtbegin.o
__dso_handle                                      /Applications/ArmGNUToolchain/13.2.Rel1/arm-none-eabi/bin/../lib/gcc/arm-none-eabi/13.2.1/thumb/v7-m/nofp/crtbegin.o
__fp_lock_all                                     /Applications/ArmGNUToolchain/13.2.Rel1/arm-none-eabi/bin/../lib/gcc/arm-none-eabi/13.2.1/../../../../arm-none-eabi/lib/thumb/v7-m/nofp/libc_nano.a(libc_a-findfp.o)
__fp_unlock_all                                   /Applications/ArmGNUToolchain/13.2.Rel1/arm-none-eabi/bin/../lib/gcc/arm-none-eabi/13.2.1/../../../../arm-none-eabi/lib/thumb/v7-m/nofp/libc_nano.a(libc_a-findfp.o)
__init_array_end                                  /Applications/ArmGNUToolchain/13.2.Rel1/arm-none-eabi/bin/../lib/gcc/arm-none-eabi/13.2.1/../../../../arm-none-eabi/lib/thumb/v7-m/nofp/libc_nano.a(libc_a-init.o)
__init_array_start                                /Applications/ArmGNUToolchain/13.2.Rel1/arm-none-eabi/bin/../lib/gcc/arm-none-eabi/13.2.1/../../../../arm-none-eabi/lib/thumb/v7-m/nofp/libc_nano.a(libc_a-init.o)
__libc_fini_array                                 /Applications/ArmGNUToolchain/13.2.Rel1/arm-none-eabi/bin/../lib/gcc/arm-none-eabi/13.2.1/../../../../arm-none-eabi/lib/thumb/v7-m/nofp/crt0.o
__libc_init_array                                 /Applications/ArmGNUToolchain/13.2.Rel1/arm-none-eabi/bin/../lib/gcc/arm-none-eabi/13.2.1/../../../../arm-none-eabi/lib/thumb/v7-m/nofp/libc_nano.a(libc_a-init.o)
                                                  build/debug/startup_stm32f103xb.o
                                                  /Applications/ArmGNUToolchain/13.2.Rel1/arm-none-eabi/bin/../lib/gcc/arm-none-eabi/13.2.1/../../../../arm-none-eabi/lib/thumb/v7-m/nofp/crt0.o
__lock___arc4random_mutex                         /Applications/ArmGNUToolchain/13.2.Rel1/arm-none-eabi/bin/../lib/gcc/arm-none-eabi/13.2.1/../../../../arm-none-eabi/lib/thumb/v7-m/nofp/libc_nano.a(libc_a-lock.o)
__lock___at_quick_exit_mutex                      /Applications/ArmGNUToolchain/13.2.Rel1/arm-none-eabi/bin/../lib/gcc/arm-none-eabi/13.2.1/../../../../arm-none-eabi/lib/thumb/v7-m/nofp/libc_nano.a(libc_a-lock.o)
__lock___atexit_recursive_mutex                   /Applications/ArmGNUToolchain/13.2.Rel1/arm-none-eabi/bin/../lib/gcc/arm-none-eabi/13.2.1/../../../../arm-none-eabi/lib/thumb/v7-m/nofp/libc_nano.a(libc_a-lock.o)
__lock___dd_hash_mutex                            /Applications/ArmGNUToolchain/13.2.Rel1/arm-none-eabi/bin/../lib/gcc/arm-none-eabi/13.2.1/../../../../arm-none-eabi/lib/thumb/v7-m/nofp/libc_nano.a(libc_a-lock.o)
__lock___env_recursive_mutex                      /Applications/ArmGNUToolchain/13.2.Rel1/arm-none-eabi/bin/../lib/gcc/arm-none-eabi/13.2.1/../../../../arm-none-eabi/lib/thumb/v7-m/nofp/libc_nano.a(libc_a-lock.o)
__lock___malloc_recursive_mutex                   /Applications/ArmGNUToolchain/13.2.Rel1/arm-none-eabi/bin/../lib/gcc/arm-none-eabi/13.2.1/../../../../arm-none-eabi/lib/thumb/v7-m/nofp/libc_nano.a(libc_a-lock.o)
                                                  /Applications/ArmGNUToolchain/13.2.Rel1/arm-none-eabi/bin/../lib/gcc/arm-none-eabi/13.2.1/../../../../arm-none-eabi/lib/thumb/v7-m/nofp/libc_nano.a(libc_a-mlock.o)
__lock___sfp_recursive_mutex                      /Applications/ArmGNUToolchain/13.2.Rel1/arm-none-eabi/bin/../lib/gcc/arm-none-eabi/13.2.1/../../../../arm-none-eabi/lib/thumb/v7-m/nofp/libc_nano.a(libc_a-lock.o)
                                                  /Applications/ArmGNUToolchain/13.2.Rel1/arm-none-eabi/bin/../lib/gcc/arm-none-eabi/13.2.1/../../../../arm-none-eabi/lib/thumb/v7-m/nofp/libc_nano.a(libc_a-findfp.o)
__lock___tz_mutex                                 /Applications/ArmGNUToolchain/13.2.Rel1/arm-none-eabi/bin/../lib/gcc/arm-none-eabi/13.2.1/../../../../arm-none-eabi/lib/thumb/v7-m/nofp/libc_nano.a(libc_a-lock.o)
__malloc_free_list                                /Applications/ArmGNUToolchain/13.2.Rel1/arm-none-eabi/bin/../lib/gcc/arm-none-eabi/13.2.1/../../../../arm-none-eabi/lib/thumb/v7-m/nofp/libc_nano.a(libc_a-mallocr.o)
                                                  /Applications/ArmGNUToolchain/13.2.Rel1/arm-none-eabi/bin/../lib/gcc/arm-none-eabi/13.2.1/../../../../arm-none-eabi/lib/thumb/v7-m/nofp/libc_nano.a(libc_a-freer.o)
__malloc_lock                                     /Applications/ArmGNUToolchain/13.2.Rel1/arm-none-eabi/bin/../lib/gcc/arm-none-eabi/13.2.1/../../../../arm-none-eabi/lib/thumb/v7-m/nofp/libc_nano.a(libc_a-mlock.o)
                                                  /Applications/ArmGNUToolchain/13.2.Rel1/arm-none-eabi/bin/../lib/gcc/arm-none-eabi/13.2.1/../../../../arm-none-eabi/lib/thumb/v7-m/nofp/libc_nano.a(libc_a-freer.o)
                                                  /Applications/ArmGNUToolchain/13.2.Rel1/arm-none-eabi/bin/../lib/gcc/arm-none-eabi/13.2.1/../../../../arm-none-eabi/lib/thumb/v7-m/nofp/libc_nano.a(libc_a-mallocr.o)
__malloc_sbrk_start                               /Applications/ArmGNUToolchain/13.2.Rel1/arm-none-eabi/bin/../lib/gcc/arm-none-eabi/13.2.1/../../../../arm-none-eabi/lib/thumb/v7-m/nofp/libc_nano.a(libc_a-mallocr.o)
__malloc_unlock                                   /Applications/ArmGNUToolchain/13.2.Rel1/arm-none-eabi/bin/../lib/gcc/arm-none-eabi/13.2.1/../../../../arm-none-eabi/lib/thumb/v7-m/nofp/libc_nano.a(libc_a-mlock.o)
                                                  /Applications/ArmGNUToolchain/13.2.Rel1/arm-none-eabi/bin/../lib/gcc/arm-none-eabi/13.2.1/../../../../arm-none-eabi/lib/thumb/v7-m/nofp/libc_nano.a(libc_a-freer.o)
                                                  /Applications/ArmGNUToolchain/13.2.Rel1/arm-none-eabi/bin/../lib/gcc/arm-none-eabi/13.2.1/../../../../arm-none-eabi/lib/thumb/v7-m/nofp/libc_nano.a(libc_a-mallocr.o)
__preinit_array_end                               /Applications/ArmGNUToolchain/13.2.Rel1/arm-none-eabi/bin/../lib/gcc/arm-none-eabi/13.2.1/../../../../arm-none-eabi/lib/thumb/v7-m/nofp/libc_nano.a(libc_a-init.o)
__preinit_array_start                             /Applications/ArmGNUToolchain/13.2.Rel1/arm-none-eabi/bin/../lib/gcc/arm-none-eabi/13.2.1/../../../../arm-none-eabi/lib/thumb/v7-m/nofp/libc_nano.a(libc_a-init.o)
__register_frame_info                             /Applications/ArmGNUToolchain/13.2.Rel1/arm-none-eabi/bin/../lib/gcc/arm-none-eabi/13.2.1/thumb/v7-m/nofp/crtbegin.o
__retarget_lock_acquire                           /Applications/ArmGNUToolchain/13.2.Rel1/arm-none-eabi/bin/../lib/gcc/arm-none-eabi/13.2.1/../../../../arm-none-eabi/lib/thumb/v7-m/nofp/libc_nano.a(libc_a-lock.o)
__retarget_lock_acquire_recursive                 /Applications/ArmGNUToolchain/13.2.Rel1/arm-none-eabi/bin/../lib/gcc/arm-none-eabi/13.2.1/../../../../arm-none-eabi/lib/thumb/v7-m/nofp/libc_nano.a(libc_a-lock.o)
                                                  /Applications/ArmGNUToolchain/13.2.Rel1/arm-none-eabi/bin/../lib/gcc/arm-none-eabi/13.2.1/../../../../arm-none-eabi/lib/thumb/v7-m/nofp/libc_nano.a(libc_a-mlock.o)
                                                  /Applications/ArmGNUToolchain/13.2.Rel1/arm-none-eabi/bin/../lib/gcc/arm-none-eabi/13.2.1/../../../../arm-none-eabi/lib/thumb/v7-m/nofp/libc_nano.a(libc_a-fflush.o)
                                                  /Applications/ArmGNUToolchain/13.2.Rel1/arm-none-eabi/bin/../lib/gcc/arm-none-eabi/13.2.1/../../../../arm-none-eabi/lib/thumb/v7-m/nofp/libc_nano.a(libc_a-findfp.o)
__retarget_lock_close                             /Applications/ArmGNUToolchain/13.2.Rel1/arm-none-eabi/bin/../lib/gcc/arm-none-eabi/13.2.1/../../../../arm-none-eabi/lib/thumb/v7-m/nofp/libc_nano.a(libc_a-lock.o)
__retarget_lock_close_recursive                   /Applications/ArmGNUToolchain/13.2.Rel1/arm-none-eabi/bin/../lib/gcc/arm-none-eabi/13.2.1/../../../../arm-none-eabi/lib/thumb/v7-m/nofp/libc_nano.a(libc_a-lock.o)
__retarget_lock_init                              /Applications/ArmGNUToolchain/13.2.Rel1/arm-none-eabi/bin/../lib/gcc/arm-none-eabi/13.2.1/../../../../arm-none-eabi/lib/thumb/v7-m/nofp/libc_nano.a(libc_a-lock.o)
__retarget_lock_init_recursive                    /Applications/ArmGNUToolchain/13.2.Rel1/arm-none-eabi/bin/../lib/gcc/arm-none-eabi/13.2.1/../../../../arm-none-eabi/lib/thumb/v7-m/nofp/libc_nano.a(libc_a-lock.o)
                                                  /Applications/ArmGNUToolchain/13.2.Rel1/arm-none-eabi/bin/../lib/gcc/arm-none-eabi/13.2.1/../../../../arm-none-eabi/lib/thumb/v7-m/nofp/libc_nano.a(libc_a-findfp.o)
__retarget_lock_release                           /Applications/ArmGNUToolchain/13.2.Rel1/arm-none-eabi/bin/../lib/gcc/arm-none-eabi/13.2.1/../../../../arm-none-eabi/lib/thumb/v7-m/nofp/libc_nano.a(libc_a-lock.o)
__retarget_lock_release_recursive                 /Applications/ArmGNUToolchain/13.2.Rel1/arm-none-eabi/bin/../lib/gcc/arm-none-eabi/13.2.1/../../../../arm-none-eabi/lib/thumb/v7-m/nofp/libc_nano.a(libc_a-lock.o)
                                                  /Applications/ArmGNUToolchain/13.2.Rel1/arm-none-eabi/bin/../lib/gcc/arm-none-eabi/13.2.1/../../../../arm-none-eabi/lib/thumb/v7-m/nofp/libc_nano.a(libc_a-mlock.o)
                                                  /Applications/ArmGNUToolchain/13.2.Rel1/arm-none-eabi/bin/../lib/gcc/arm-none-eabi/13.2.1/../../../../arm-none-eabi/lib/thumb/v7-m/nofp/libc_nano.a(libc_a-fflush.o)
                                                  /Applications/ArmGNUToolchain/13.2.Rel1/arm-none-eabi/bin/../lib/gcc/arm-none-eabi/13.2.1/../../../../arm-none-eabi/lib/thumb/v7-m/nofp/libc_nano.a(libc_a-findfp.o)
__retarget_lock_try_acquire                       /Applications/ArmGNUToolchain/13.2.Rel1/arm-none-eabi/bin/../lib/gcc/arm-none-eabi/13.2.1/../../../../arm-none-eabi/lib/thumb/v7-m/nofp/libc_nano.a(libc_a-lock.o)
__retarget_lock_try_acquire_recursive             /Applications/ArmGNUToolchain/13.2.Rel1/arm-none-eabi/bin/../lib/gcc/arm-none-eabi/13.2.1/../../../../arm-none-eabi/lib/thumb/v7-m/nofp/libc_nano.a(libc_a-lock.o)
__sclose                                          /Applications/ArmGNUToolchain/13.2.Rel1/arm-none-eabi/bin/../lib/gcc/arm-none-eabi/13.2.1/../../../../arm-none-eabi/lib/thumb/v7-m/nofp/libc_nano.a(libc_a-stdio.o)
                                                  /Applications/ArmGNUToolchain/13.2.Rel1/arm-none-eabi/bin/../lib/gcc/arm-none-eabi/13.2.1/../../../../arm-none-eabi/lib/thumb/v7-m/nofp/libc_nano.a(libc_a-findfp.o)
__seofread                                        /Applications/ArmGNUToolchain/13.2.Rel1/arm-none-eabi/bin/../lib/gcc/arm-none-eabi/13.2.1/../../../../arm-none-eabi/lib/thumb/v7-m/nofp/libc_nano.a(libc_a-stdio.o)
__sf                                              /Applications/ArmGNUToolchain/13.2.Rel1/arm-none-eabi/bin/../lib/gcc/arm-none-eabi/13.2.1/../../../../arm-none-eabi/lib/thumb/v7-m/nofp/libc_nano.a(libc_a-findfp.o)
                                                  /Applications/ArmGNUToolchain/13.2.Rel1/arm-none-eabi/bin/../lib/gcc/arm-none-eabi/13.2.1/../../../../arm-none-eabi/lib/thumb/v7-m/nofp/libc_nano.a(libc_a-impure.o)
__sflush_r                                        /Applications/ArmGNUToolchain/13.2.Rel1/arm-none-eabi/bin/../lib/gcc/arm-none-eabi/13.2.1/../../../../arm-none-eabi/lib/thumb/v7-m/nofp/libc_nano.a(libc_a-fflush.o)
__sfp                                             /Applications/ArmGNUToolchain/13.2.Rel1/arm-none-eabi/bin/../lib/gcc/arm-none-eabi/13.2.1/../../../../arm-none-eabi/lib/thumb/v7-m/nofp/libc_nano.a(libc_a-findfp.o)
__sfp_lock_acquire                                /Applications/ArmGNUToolchain/13.2.Rel1/arm-none-eabi/bin/../lib/gcc/arm-none-eabi/13.2.1/../../../../arm-none-eabi/lib/thumb/v7-m/nofp/libc_nano.a(libc_a-findfp.o)
__sfp_lock_release                                /Applications/ArmGNUToolchain/13.2.Rel1/arm-none-eabi/bin/../lib/gcc/arm-none-eabi/13.2.1/../../../../arm-none-eabi/lib/thumb/v7-m/nofp/libc_nano.a(libc_a-findfp.o)
__sglue                                           /Applications/ArmGNUToolchain/13.2.Rel1/arm-none-eabi/bin/../lib/gcc/arm-none-eabi/13.2.1/../../../../arm-none-eabi/lib/thumb/v7-m/nofp/libc_nano.a(libc_a-findfp.o)
                                                  /Applications/ArmGNUToolchain/13.2.Rel1/arm-none-eabi/bin/../lib/gcc/arm-none-eabi/13.2.1/../../../../arm-none-eabi/lib/thumb/v7-m/nofp/libc_nano.a(libc_a-fflush.o)
__sinit                                           /Applications/ArmGNUToolchain/13.2.Rel1/arm-none-eabi/bin/../lib/gcc/arm-none-eabi/13.2.1/../../../../arm-none-eabi/lib/thumb/v7-m/nofp/libc_nano.a(libc_a-findfp.o)
                                                  /Applications/ArmGNUToolchain/13.2.Rel1/arm-none-eabi/bin/../lib/gcc/arm-none-eabi/13.2.1/../../../../arm-none-eabi/lib/thumb/v7-m/nofp/libc_nano.a(libc_a-fflush.o)
__sread                                           /Applications/ArmGNUToolchain/13.2.Rel1/arm-none-eabi/bin/../lib/gcc/arm-none-eabi/13.2.1/../../../../arm-none-eabi/lib/thumb/v7-m/nofp/libc_nano.a(libc_a-stdio.o)
                                                  /Applications/ArmGNUToolchain/13.2.Rel1/arm-none-eabi/bin/../lib/gcc/arm-none-eabi/13.2.1/../../../../arm-none-eabi/lib/thumb/v7-m/nofp/libc_nano.a(libc_a-findfp.o)
__sseek                                           /Applications/ArmGNUToolchain/13.2.Rel1/arm-none-eabi/bin/../lib/gcc/arm-none-eabi/13.2.1/../../../../arm-none-eabi/lib/thumb/v7-m/nofp/libc_nano.a(libc_a-stdio.o)
                                                  /Applications/ArmGNUToolchain/13.2.Rel1/arm-none-eabi/bin/../lib/gcc/arm-none-eabi/13.2.1/../../../../arm-none-eabi/lib/thumb/v7-m/nofp/libc_nano.a(libc_a-findfp.o)
__stack                                           /Applications/ArmGNUToolchain/13.2.Rel1/arm-none-eabi/bin/../lib/gcc/arm-none-eabi/13.2.1/../../../../arm-none-eabi/lib/thumb/v7-m/nofp/crt0.o
__stdio_exit_handler                              /Applications/ArmGNUToolchain/13.2.Rel1/arm-none-eabi/bin/../lib/gcc/arm-none-eabi/13.2.1/../../../../arm-none-eabi/lib/thumb/v7-m/nofp/libc_nano.a(libc_a-findfp.o)
                                                  /Applications/ArmGNUToolchain/13.2.Rel1/arm-none-eabi/bin/../lib/gcc/arm-none-eabi/13.2.1/../../../../arm-none-eabi/lib/thumb/v7-m/nofp/libc_nano.a(libc_a-exit.o)
__swrite                                          /Applications/ArmGNUToolchain/13.2.Rel1/arm-none-eabi/bin/../lib/gcc/arm-none-eabi/13.2.1/../../../../arm-none-eabi/lib/thumb/v7-m/nofp/libc_nano.a(libc_a-stdio.o)
                                                  /Applications/ArmGNUToolchain/13.2.Rel1/arm-none-eabi/bin/../lib/gcc/arm-none-eabi/13.2.1/../../../../arm-none-eabi/lib/thumb/v7-m/nofp/libc_nano.a(libc_a-findfp.o)
_close                                            /Applications/ArmGNUToolchain/13.2.Rel1/arm-none-eabi/bin/../lib/gcc/arm-none-eabi/13.2.1/../../../../arm-none-eabi/lib/thumb/v7-m/nofp/libnosys.a(close.o)
                                                  /Applications/ArmGNUToolchain/13.2.Rel1/arm-none-eabi/bin/../lib/gcc/arm-none-eabi/13.2.1/../../../../arm-none-eabi/lib/thumb/v7-m/nofp/libc_nano.a(libc_a-closer.o)
_close_r                                          /Applications/ArmGNUToolchain/13.2.Rel1/arm-none-eabi/bin/../lib/gcc/arm-none-eabi/13.2.1/../../../../arm-none-eabi/lib/thumb/v7-m/nofp/libc_nano.a(libc_a-closer.o)
                                                  /Applications/ArmGNUToolchain/13.2.Rel1/arm-none-eabi/bin/../lib/gcc/arm-none-eabi/13.2.1/../../../../arm-none-eabi/lib/thumb/v7-m/nofp/libc_nano.a(libc_a-stdio.o)
_ebss                                             build/debug/startup_stm32f103xb.o
_edata                                            build/debug/startup_stm32f103xb.o
_estack                                           build/debug/startup_stm32f103xb.o
_exit                                             /Applications/ArmGNUToolchain/13.2.Rel1/arm-none-eabi/bin/../lib/gcc/arm-none-eabi/13.2.1/../../../../arm-none-eabi/lib/thumb/v7-m/nofp/libnosys.a(_exit.o)
                                                  /Applications/ArmGNUToolchain/13.2.Rel1/arm-none-eabi/bin/../lib/gcc/arm-none-eabi/13.2.1/../../../../arm-none-eabi/lib/thumb/v7-m/nofp/libc_nano.a(libc_a-exit.o)
_fflush_r                                         /Applications/ArmGNUToolchain/13.2.Rel1/arm-none-eabi/bin/../lib/gcc/arm-none-eabi/13.2.1/../../../../arm-none-eabi/lib/thumb/v7-m/nofp/libc_nano.a(libc_a-fflush.o)
                                                  /Applications/ArmGNUToolchain/13.2.Rel1/arm-none-eabi/bin/../lib/gcc/arm-none-eabi/13.2.1/../../../../arm-none-eabi/lib/thumb/v7-m/nofp/libc_nano.a(libc_a-findfp.o)
_fini                                             /Applications/ArmGNUToolchain/13.2.Rel1/arm-none-eabi/bin/../lib/gcc/arm-none-eabi/13.2.1/thumb/v7-m/nofp/crti.o
_free_r                                           /Applications/ArmGNUToolchain/13.2.Rel1/arm-none-eabi/bin/../lib/gcc/arm-none-eabi/13.2.1/../../../../arm-none-eabi/lib/thumb/v7-m/nofp/libc_nano.a(libc_a-freer.o)
                                                  /Applications/ArmGNUToolchain/13.2.Rel1/arm-none-eabi/bin/../lib/gcc/arm-none-eabi/13.2.1/../../../../arm-none-eabi/lib/thumb/v7-m/nofp/libc_nano.a(libc_a-reent.o)
                                                  /Applications/ArmGNUToolchain/13.2.Rel1/arm-none-eabi/bin/../lib/gcc/arm-none-eabi/13.2.1/../../../../arm-none-eabi/lib/thumb/v7-m/nofp/libc_nano.a(libc_a-fflush.o)
_fwalk_sglue                                      /Applications/ArmGNUToolchain/13.2.Rel1/arm-none-eabi/bin/../lib/gcc/arm-none-eabi/13.2.1/../../../../arm-none-eabi/lib/thumb/v7-m/nofp/libc_nano.a(libc_a-fwalk.o)
                                                  /Applications/ArmGNUToolchain/13.2.Rel1/arm-none-eabi/bin/../lib/gcc/arm-none-eabi/13.2.1/../../../../arm-none-eabi/lib/thumb/v7-m/nofp/libc_nano.a(libc_a-fflush.o)
                                                  /Applications/ArmGNUToolchain/13.2.Rel1/arm-none-eabi/bin/../lib/gcc/arm-none-eabi/13.2.1/../../../../arm-none-eabi/lib/thumb/v7-m/nofp/libc_nano.a(libc_a-findfp.o)
_impure_data                                      /Applications/ArmGNUToolchain/13.2.Rel1/arm-none-eabi/bin/../lib/gcc/arm-none-eabi/13.2.1/../../../../arm-none-eabi/lib/thumb/v7-m/nofp/libc_nano.a(libc_a-impure.o)
                                                  /Applications/ArmGNUToolchain/13.2.Rel1/arm-none-eabi/bin/../lib/gcc/arm-none-eabi/13.2.1/../../../../arm-none-eabi/lib/thumb/v7-m/nofp/libc_nano.a(libc_a-fflush.o)
                                                  /Applications/ArmGNUToolchain/13.2.Rel1/arm-none-eabi/bin/../lib/gcc/arm-none-eabi/13.2.1/../../../../arm-none-eabi/lib/thumb/v7-m/nofp/libc_nano.a(libc_a-findfp.o)
_impure_ptr                                       /Applications/ArmGNUToolchain/13.2.Rel1/arm-none-eabi/bin/../lib/gcc/arm-none-eabi/13.2.1/../../../../arm-none-eabi/lib/thumb/v7-m/nofp/libc_nano.a(libc_a-impure.o)
                                                  /Applications/ArmGNUToolchain/13.2.Rel1/arm-none-eabi/bin/../lib/gcc/arm-none-eabi/13.2.1/../../../../arm-none-eabi/lib/thumb/v7-m/nofp/libc_nano.a(libc_a-reent.o)
                                                  /Applications/ArmGNUToolchain/13.2.Rel1/arm-none-eabi/bin/../lib/gcc/arm-none-eabi/13.2.1/../../../../arm-none-eabi/lib/thumb/v7-m/nofp/libc_nano.a(libc_a-fflush.o)
_init                                             /Applications/ArmGNUToolchain/13.2.Rel1/arm-none-eabi/bin/../lib/gcc/arm-none-eabi/13.2.1/thumb/v7-m/nofp/crti.o
                                                  /Applications/ArmGNUToolchain/13.2.Rel1/arm-none-eabi/bin/../lib/gcc/arm-none-eabi/13.2.1/../../../../arm-none-eabi/lib/thumb/v7-m/nofp/libc_nano.a(libc_a-init.o)
_lseek                                            /Applications/ArmGNUToolchain/13.2.Rel1/arm-none-eabi/bin/../lib/gcc/arm-none-eabi/13.2.1/../../../../arm-none-eabi/lib/thumb/v7-m/nofp/libnosys.a(lseek.o)
                                                  /Applications/ArmGNUToolchain/13.2.Rel1/arm-none-eabi/bin/../lib/gcc/arm-none-eabi/13.2.1/../../../../arm-none-eabi/lib/thumb/v7-m/nofp/libc_nano.a(libc_a-lseekr.o)
_lseek_r                                          /Applications/ArmGNUToolchain/13.2.Rel1/arm-none-eabi/bin/../lib/gcc/arm-none-eabi/13.2.1/../../../../arm-none-eabi/lib/thumb/v7-m/nofp/libc_nano.a(libc_a-lseekr.o)
                                                  /Applications/ArmGNUToolchain/13.2.Rel1/arm-none-eabi/bin/../lib/gcc/arm-none-eabi/13.2.1/../../../../arm-none-eabi/lib/thumb/v7-m/nofp/libc_nano.a(libc_a-stdio.o)
_mainCRTStartup                                   /Applications/ArmGNUToolchain/13.2.Rel1/arm-none-eabi/bin/../lib/gcc/arm-none-eabi/13.2.1/../../../../arm-none-eabi/lib/thumb/v7-m/nofp/crt0.o
_malloc_r                                         /Applications/ArmGNUToolchain/13.2.Rel1/arm-none-eabi/bin/../lib/gcc/arm-none-eabi/13.2.1/../../../../arm-none-eabi/lib/thumb/v7-m/nofp/libc_nano.a(libc_a-mallocr.o)
                                                  /Applications/ArmGNUToolchain/13.2.Rel1/arm-none-eabi/bin/../lib/gcc/arm-none-eabi/13.2.1/../../../../arm-none-eabi/lib/thumb/v7-m/nofp/libc_nano.a(libc_a-findfp.o)
_read                                             /Applications/ArmGNUToolchain/13.2.Rel1/arm-none-eabi/bin/../lib/gcc/arm-none-eabi/13.2.1/../../../../arm-none-eabi/lib/thumb/v7-m/nofp/libnosys.a(read.o)
                                                  /Applications/ArmGNUToolchain/13.2.Rel1/arm-none-eabi/bin/../lib/gcc/arm-none-eabi/13.2.1/../../../../arm-none-eabi/lib/thumb/v7-m/nofp/libc_nano.a(libc_a-readr.o)
_read_r                                           /Applications/ArmGNUToolchain/13.2.Rel1/arm-none-eabi/bin/../lib/gcc/arm-none-eabi/13.2.1/../../../../arm-none-eabi/lib/thumb/v7-m/nofp/libc_nano.a(libc_a-readr.o)
                                                  /Applications/ArmGNUToolchain/13.2.Rel1/arm-none-eabi/bin/../lib/gcc/arm-none-eabi/13.2.1/../../../../arm-none-eabi/lib/thumb/v7-m/nofp/libc_nano.a(libc_a-stdio.o)
_reclaim_reent                                    /Applications/ArmGNUToolchain/13.2.Rel1/arm-none-eabi/bin/../lib/gcc/arm-none-eabi/13.2.1/../../../../arm-none-eabi/lib/thumb/v7-m/nofp/libc_nano.a(libc_a-reent.o)
_sbrk                                             /Applications/ArmGNUToolchain/13.2.Rel1/arm-none-eabi/bin/../lib/gcc/arm-none-eabi/13.2.1/../../../../arm-none-eabi/lib/thumb/v7-m/nofp/libnosys.a(sbrk.o)
                                                  /Applications/ArmGNUToolchain/13.2.Rel1/arm-none-eabi/bin/../lib/gcc/arm-none-eabi/13.2.1/../../../../arm-none-eabi/lib/thumb/v7-m/nofp/libc_nano.a(libc_a-sbrkr.o)
_sbrk_r                                           /Applications/ArmGNUToolchain/13.2.Rel1/arm-none-eabi/bin/../lib/gcc/arm-none-eabi/13.2.1/../../../../arm-none-eabi/lib/thumb/v7-m/nofp/libc_nano.a(libc_a-sbrkr.o)
                                                  /Applications/ArmGNUToolchain/13.2.Rel1/arm-none-eabi/bin/../lib/gcc/arm-none-eabi/13.2.1/../../../../arm-none-eabi/lib/thumb/v7-m/nofp/libc_nano.a(libc_a-mallocr.o)
_sbss                                             build/debug/startup_stm32f103xb.o
_sdata                                            build/debug/startup_stm32f103xb.o
_sidata                                           build/debug/startup_stm32f103xb.o
_stack_init                                       /Applications/ArmGNUToolchain/13.2.Rel1/arm-none-eabi/bin/../lib/gcc/arm-none-eabi/13.2.1/../../../../arm-none-eabi/lib/thumb/v7-m/nofp/crt0.o
_start                                            /Applications/ArmGNUToolchain/13.2.Rel1/arm-none-eabi/bin/../lib/gcc/arm-none-eabi/13.2.1/../../../../arm-none-eabi/lib/thumb/v7-m/nofp/crt0.o
_write                                            /Applications/ArmGNUToolchain/13.2.Rel1/arm-none-eabi/bin/../lib/gcc/arm-none-eabi/13.2.1/../../../../arm-none-eabi/lib/thumb/v7-m/nofp/libnosys.a(write.o)
                                                  /Applications/ArmGNUToolchain/13.2.Rel1/arm-none-eabi/bin/../lib/gcc/arm-none-eabi/13.2.1/../../../../arm-none-eabi/lib/thumb/v7-m/nofp/libc_nano.a(libc_a-writer.o)
_write_r                                          /Applications/ArmGNUToolchain/13.2.Rel1/arm-none-eabi/bin/../lib/gcc/arm-none-eabi/13.2.1/../../../../arm-none-eabi/lib/thumb/v7-m/nofp/libc_nano.a(libc_a-writer.o)
                                                  /Applications/ArmGNUToolchain/13.2.Rel1/arm-none-eabi/bin/../lib/gcc/arm-none-eabi/13.2.1/../../../../arm-none-eabi/lib/thumb/v7-m/nofp/libc_nano.a(libc_a-stdio.o)
atexit                                            /Applications/ArmGNUToolchain/13.2.Rel1/arm-none-eabi/bin/../lib/gcc/arm-none-eabi/13.2.1/../../../../arm-none-eabi/lib/thumb/v7-m/nofp/crt0.o
can_service_entry                                 build/debug/Core/Src/uds.o
                                                  build/debug/Core/Src/uart_printf.o
                                                  build/debug/Core/Src/command.o
can_service_response                              build/debug/Core/Src/uds.o
cancel_log_level                                  build/debug/Core/Src/uart_printf.o
                                                  build/debug/Core/Src/command.o
check_flash_address                               build/debug/Core/Src/command.o
                                                  build/debug/Core/Src/uds.o
convert_uint32_t_to_uint8_t                       build/debug/Core/Src/uart_printf.o
                                                  build/debug/Core/Src/uds.o
convert_uint8_t_to_uint32_t                       build/debug/Core/Src/uart_printf.o
                                                  build/debug/Core/Src/uds.o
crc_calculate                                     build/debug/Core/Src/crc.o
                                                  build/debug/Core/Src/uds.o
                                                  build/debug/Core/Src/uart_printf.o
crc_init                                          build/debug/Core/Src/crc.o
                                                  build/debug/Core/Src/uds.o
                                                  build/debug/Core/Src/main.o
crc_reset                                         build/debug/Core/Src/crc.o
                                                  build/debug/Core/Src/uds.o
                                                  build/debug/Core/Src/uart_printf.o
data_count                                        build/debug/Core/Src/Interrupt.o
dcmServicesTable                                  build/debug/Core/Src/uds.o
end                                               /Applications/ArmGNUToolchain/13.2.Rel1/arm-none-eabi/bin/../lib/gcc/arm-none-eabi/13.2.1/../../../../arm-none-eabi/lib/thumb/v7-m/nofp/libnosys.a(sbrk.o)
errno                                             /Applications/ArmGNUToolchain/13.2.Rel1/arm-none-eabi/bin/../lib/gcc/arm-none-eabi/13.2.1/../../../../arm-none-eabi/lib/thumb/v7-m/nofp/libc_nano.a(libc_a-reent.o)
                                                  /Applications/ArmGNUToolchain/13.2.Rel1/arm-none-eabi/bin/../lib/gcc/arm-none-eabi/13.2.1/../../../../arm-none-eabi/lib/thumb/v7-m/nofp/libnosys.a(write.o)
                                                  /Applications/ArmGNUToolchain/13.2.Rel1/arm-none-eabi/bin/../lib/gcc/arm-none-eabi/13.2.1/../../../../arm-none-eabi/lib/thumb/v7-m/nofp/libnosys.a(read.o)
                                                  /Applications/ArmGNUToolchain/13.2.Rel1/arm-none-eabi/bin/../lib/gcc/arm-none-eabi/13.2.1/../../../../arm-none-eabi/lib/thumb/v7-m/nofp/libnosys.a(lseek.o)
                                                  /Applications/ArmGNUToolchain/13.2.Rel1/arm-none-eabi/bin/../lib/gcc/arm-none-eabi/13.2.1/../../../../arm-none-eabi/lib/thumb/v7-m/nofp/libnosys.a(close.o)
                                                  /Applications/ArmGNUToolchain/13.2.Rel1/arm-none-eabi/bin/../lib/gcc/arm-none-eabi/13.2.1/../../../../arm-none-eabi/lib/thumb/v7-m/nofp/libc_nano.a(libc_a-writer.o)
                                                  /Applications/ArmGNUToolchain/13.2.Rel1/arm-none-eabi/bin/../lib/gcc/arm-none-eabi/13.2.1/../../../../arm-none-eabi/lib/thumb/v7-m/nofp/libc_nano.a(libc_a-sbrkr.o)
                                                  /Applications/ArmGNUToolchain/13.2.Rel1/arm-none-eabi/bin/../lib/gcc/arm-none-eabi/13.2.1/../../../../arm-none-eabi/lib/thumb/v7-m/nofp/libc_nano.a(libc_a-readr.o)
                                                  /Applications/ArmGNUToolchain/13.2.Rel1/arm-none-eabi/bin/../lib/gcc/arm-none-eabi/13.2.1/../../../../arm-none-eabi/lib/thumb/v7-m/nofp/libc_nano.a(libc_a-lseekr.o)
                                                  /Applications/ArmGNUToolchain/13.2.Rel1/arm-none-eabi/bin/../lib/gcc/arm-none-eabi/13.2.1/../../../../arm-none-eabi/lib/thumb/v7-m/nofp/libc_nano.a(libc_a-closer.o)
exec_command                                      build/debug/Core/Src/command.o
                                                  build/debug/Core/Src/shell.o
exit                                              /Applications/ArmGNUToolchain/13.2.Rel1/arm-none-eabi/bin/../lib/gcc/arm-none-eabi/13.2.1/../../../../arm-none-eabi/lib/thumb/v7-m/nofp/libc_nano.a(libc_a-exit.o)
                                                  /Applications/ArmGNUToolchain/13.2.Rel1/arm-none-eabi/bin/../lib/gcc/arm-none-eabi/13.2.1/../../../../arm-none-eabi/lib/thumb/v7-m/nofp/crt0.o
fflush                                            /Applications/ArmGNUToolchain/13.2.Rel1/arm-none-eabi/bin/../lib/gcc/arm-none-eabi/13.2.1/../../../../arm-none-eabi/lib/thumb/v7-m/nofp/libc_nano.a(libc_a-fflush.o)
flash_erase                                       build/debug/Core/Src/command.o
                                                  build/debug/Core/Src/uds.o
flash_lock                                        build/debug/Core/Src/command.o
                                                  build/debug/Core/Src/uds.o
flash_write                                       build/debug/Core/Src/command.o
                                                  build/debug/Core/Src/uds.o
g_pfnVectors                                      build/debug/startup_stm32f103xb.o
get_frame_count                                   build/debug/Core/Src/uart_printf.o
                                                  build/debug/Core/Src/main.o
                                                  build/debug/Core/Src/Interrupt.o
get_frame_head                                    build/debug/Core/Src/Interrupt.o
hardware_init_hook                                /Applications/ArmGNUToolchain/13.2.Rel1/arm-none-eabi/bin/../lib/gcc/arm-none-eabi/13.2.1/../../../../arm-none-eabi/lib/thumb/v7-m/nofp/crt0.o
init_AHB_APB1_APB2                                build/debug/Core/Src/rcc.o
                                                  build/debug/Core/Src/main.o
init_HSE_SYSCLK_72MHZ                             build/debug/Core/Src/rcc.o
                                                  build/debug/Core/Src/main.o
jump_to_app                                       build/debug/Core/Src/main.o
                                                  build/debug/Core/Src/command.o
main                                              build/debug/Core/Src/main.o
                                                  build/debug/startup_stm32f103xb.o
                                                  /Applications/ArmGNUToolchain/13.2.Rel1/arm-none-eabi/bin/../lib/gcc/arm-none-eabi/13.2.1/../../../../arm-none-eabi/lib/thumb/v7-m/nofp/crt0.o
memcmp                                            /Applications/ArmGNUToolchain/13.2.Rel1/arm-none-eabi/bin/../lib/gcc/arm-none-eabi/13.2.1/../../../../arm-none-eabi/lib/thumb/v7-m/nofp/libc_nano.a(libc_a-memcmp.o)
                                                  build/debug/Core/Src/shell.o
                                                  build/debug/Core/Src/command.o
memcpy                                            /Applications/ArmGNUToolchain/13.2.Rel1/arm-none-eabi/bin/../lib/gcc/arm-none-eabi/13.2.1/../../../../arm-none-eabi/lib/thumb/v7-m/nofp/libc_nano.a(libc_a-memcpy-stub.o)
                                                  build/debug/Core/Src/uds.o
                                                  build/debug/Core/Src/uart_printf.o
                                                  build/debug/Core/Src/shell.o
memset                                            /Applications/ArmGNUToolchain/13.2.Rel1/arm-none-eabi/bin/../lib/gcc/arm-none-eabi/13.2.1/../../../../arm-none-eabi/lib/thumb/v7-m/nofp/libc_nano.a(libc_a-memset.o)
                                                  /Applications/ArmGNUToolchain/13.2.Rel1/arm-none-eabi/bin/../lib/gcc/arm-none-eabi/13.2.1/../../../../arm-none-eabi/lib/thumb/v7-m/nofp/libc_nano.a(libc_a-findfp.o)
                                                  build/debug/Core/Src/uds.o
                                                  build/debug/Core/Src/shell.o
                                                  build/debug/Core/Src/command.o
                                                  /Applications/ArmGNUToolchain/13.2.Rel1/arm-none-eabi/bin/../lib/gcc/arm-none-eabi/13.2.1/../../../../arm-none-eabi/lib/thumb/v7-m/nofp/crt0.o
myPriorityGroupSetting                            build/debug/Core/Src/Interrupt.o
ota_data                                          build/debug/Core/Src/uds.o
set_frame_count                                   build/debug/Core/Src/uart_printf.o
                                                  build/debug/Core/Src/main.o
                                                  build/debug/Core/Src/Interrupt.o
set_log_level                                     build/debug/Core/Src/uart_printf.o
                                                  build/debug/Core/Src/command.o
shell                                             build/debug/Core/Src/shell.o
shell_enter                                       build/debug/Core/Src/shell.o
                                                  build/debug/Core/Src/main.o
shell_init                                        build/debug/Core/Src/shell.o
                                                  build/debug/Core/Src/main.o
software_init_hook                                /Applications/ArmGNUToolchain/13.2.Rel1/arm-none-eabi/bin/../lib/gcc/arm-none-eabi/13.2.1/../../../../arm-none-eabi/lib/thumb/v7-m/nofp/crt0.o
strlen                                            /Applications/ArmGNUToolchain/13.2.Rel1/arm-none-eabi/bin/../lib/gcc/arm-none-eabi/13.2.1/../../../../arm-none-eabi/lib/thumb/v7-m/nofp/libc_nano.a(libc_a-strlen.o)
                                                  build/debug/Core/Src/uart_printf.o
                                                  build/debug/Core/Src/shell.o
                                                  build/debug/Core/Src/command.o
uart2_communicate_rx                              build/debug/Core/Src/uart_printf.o
                                                  build/debug/Core/Src/main.o
uart2_communicate_tx                              build/debug/Core/Src/uart_printf.o
                                                  build/debug/Core/Src/uds.o
uart2_hardware_init                               build/debug/Core/Src/uart_printf.o
uart2_in                                          build/debug/Core/Src/uart_printf.o
uart2_in_IT                                       build/debug/Core/Src/uart_printf.o
                                                  build/debug/Core/Src/Interrupt.o
uart2_init                                        build/debug/Core/Src/uart_printf.o
                                                  build/debug/Core/Src/main.o
uart2_out                                         build/debug/Core/Src/uart_printf.o
uart2_out_IT                                      build/debug/Core/Src/uart_printf.o
                                                  build/debug/Core/Src/Interrupt.o
uart_get                                          build/debug/Core/Src/uart_printf.o
                                                  build/debug/Core/Src/main.o
uart_in                                           build/debug/Core/Src/uart_printf.o
uart_in_IT                                        build/debug/Core/Src/uart_printf.o
                                                  build/debug/Core/Src/Interrupt.o
uart_out                                          build/debug/Core/Src/uart_printf.o
uart_out_IT                                       build/debug/Core/Src/uart_printf.o
                                                  build/debug/Core/Src/Interrupt.o
uart_printf                                       build/debug/Core/Src/uart_printf.o
                                                  build/debug/Core/Src/uds.o
                                                  build/debug/Core/Src/shell.o
                                                  build/debug/Core/Src/main.o
                                                  build/debug/Core/Src/command.o
uds_entry                                         build/debug/Core/Src/uds.o
uds_frame                                         build/debug/Core/Src/uds.o
uds_response                                      build/debug/Core/Src/uds.o
usart1PrioritySetAndEnable                        build/debug/Core/Src/Interrupt.o
                                                  build/debug/Core/Src/uart_printf.o
usart2PrioritySetAndEnable                        build/debug/Core/Src/Interrupt.o
                                                  build/debug/Core/Src/uart_printf.o
